data/sushi_sales.csv
date,product_id,product_name,day_of_week,is_weekend,is_holiday,is_pension_day,is_sale_day,weather,temperature,precipitation,effective_price,cpi_index,sales_count
2024-11-06,P002,春8貫寿司,Wednesday,False,False,False,True,sunny,5.0,0.0,500,101.6,18
2024-11-07,P002,春8貫寿司,Thursday,False,False,False,False,sunny,7.9,0.0,600,101.6,9
2024-11-08,P002,春8貫寿司,Friday,False,False,False,False,rainy,-1.0,4.3,600,101.6,5
2024-11-09,P002,春8貫寿司,Saturday,True,False,False,True,rainy,6.9,12.8,500,101.6,11
2024-11-10,P002,春8貫寿司,Sunday,True,False,False,True,sunny,9.2,0.0,500,101.6,14
2024-11-11,P002,春8貫寿司,Monday,False,False,False,False,sunny,3.6,0.0,600,101.6,8
2024-11-12,P002,春8貫寿司,Tuesday,False,False,False,False,cloudy,7.1,0.3,600,101.6,11
2024-11-13,P002,春8貫寿司,Wednesday,False,False,False,True,cloudy,12.1,0.4,500,101.6,20
2024-11-14,P002,春8貫寿司,Thursday,False,False,False,False,rainy,6.5,7.0,600,101.6,9
2024-11-15,P002,春8貫寿司,Friday,False,False,False,False,cloudy,4.8,0.3,600,101.6,11
2024-11-16,P002,春8貫寿司,Saturday,True,False,False,True,sunny,10.0,0.0,500,101.6,15
2024-11-17,P002,春8貫寿司,Sunday,True,False,False,True,cloudy,6.7,0.8,500,101.6,16
2024-11-18,P002,春8貫寿司,Monday,False,False,False,False,sunny,11.3,0.0,600,101.6,9
2024-11-19,P002,春8貫寿司,Tuesday,False,False,False,False,sunny,5.2,0.0,600,101.6,12
2024-11-20,P002,春8貫寿司,Wednesday,False,False,False,True,cloudy,0.5,0.5,500,101.6,20
2024-11-21,P002,春8貫寿司,Thursday,False,False,False,False,sunny,6.9,0.0,600,101.6,11
2024-11-22,P002,春8貫寿司,Friday,False,False,False,False,sunny,5.8,0.0,600,101.6,7
2024-11-23,P002,春8貫寿司,Saturday,True,True,False,True,rainy,5.0,5.3,500,101.6,12
2024-11-24,P002,春8貫寿司,Sunday,True,False,False,True,rainy,9.3,9.8,500,101.6,7
2024-11-25,P002,春8貫寿司,Monday,False,False,False,False,sunny,6.0,0.0,600,101.6,8
2024-11-26,P002,春8貫寿司,Tuesday,False,False,False,False,sunny,8.7,0.0,600,101.6,13
2024-11-27,P002,春8貫寿司,Wednesday,False,False,False,True,sunny,10.6,0.0,500,101.6,18
2024-11-28,P002,春8貫寿司,Thursday,False,False,False,False,cloudy,7.7,0.5,600,101.6,8
2024-11-29,P002,春8貫寿司,Friday,False,False,False,False,sunny,1.4,0.0,600,101.6,8
2024-11-30,P002,春8貫寿司,Saturday,True,False,False,True,rainy,12.6,4.0,500,101.6,11
2024-12-01,P002,春8貫寿司,Sunday,True,False,False,True,cloudy,2.3,0.0,500,101.8,14
2024-12-02,P002,春8貫寿司,Monday,False,False,False,False,sunny,-1.2,0.0,600,101.8,10
2024-12-03,P002,春8貫寿司,Tuesday,False,False,False,False,snowy,-2.9,2.1,600,101.8,5
2024-12-04,P002,春8貫寿司,Wednesday,False,False,False,True,cloudy,-0.5,0.6,500,101.8,17
2024-12-05,P002,春8貫寿司,Thursday,False,False,False,False,snowy,3.6,2.7,600,101.8,4
2024-12-06,P002,春8貫寿司,Friday,False,False,False,False,snowy,3.9,8.5,600,101.8,6
2024-12-07,P002,春8貫寿司,Saturday,True,False,False,True,sunny,2.1,0.0,500,101.8,16
2024-12-08,P002,春8貫寿司,Sunday,True,False,False,True,snowy,4.7,5.3,500,101.8,7
2024-12-09,P002,春8貫寿司,Monday,False,False,False,False,cloudy,4.7,0.1,600,101.8,10
2024-12-10,P002,春8貫寿司,Tuesday,False,False,False,False,rainy,-0.6,4.9,600,101.8,4
2024-12-11,P002,春8貫寿司,Wednesday,False,False,False,True,cloudy,2.7,1.0,500,101.8,19
2024-12-12,P002,春8貫寿司,Thursday,False,False,False,False,sunny,-0.7,0.0,600,101.8,9
2024-12-13,P002,春8貫寿司,Friday,False,False,False,False,rainy,2.5,12.6,600,101.8,9
2024-12-14,P002,春8貫寿司,Saturday,True,False,False,True,cloudy,-1.6,0.2,500,101.8,15
2024-12-15,P002,春8貫寿司,Sunday,True,False,True,True,snowy,0.4,2.6,500,101.8,16
2024-12-16,P002,春8貫寿司,Monday,False,False,False,False,cloudy,3.8,0.7,600,101.8,11
2024-12-17,P002,春8貫寿司,Tuesday,False,False,False,False,sunny,-3.9,0.0,600,101.8,9
2024-12-18,P002,春8貫寿司,Wednesday,False,False,False,True,snowy,-2.7,5.3,500,101.8,9
2024-12-19,P002,春8貫寿司,Thursday,False,False,False,False,sunny,0.6,0.0,600,101.8,13
2024-12-20,P002,春8貫寿司,Friday,False,False,False,False,snowy,-0.8,1.5,600,101.8,5
2024-12-21,P002,春8貫寿司,Saturday,True,False,False,True,cloudy,0.7,0.9,500,101.8,15
2024-12-22,P002,春8貫寿司,Sunday,True,False,False,True,rainy,-1.2,7.5,500,101.8,10
2024-12-23,P002,春8貫寿司,Monday,False,False,False,False,rainy,-3.1,5.6,600,101.8,5
2024-12-24,P002,春8貫寿司,Tuesday,False,False,False,False,rainy,-5.8,13.7,600,101.8,6
2024-12-25,P002,春8貫寿司,Wednesday,False,False,False,True,sunny,6.1,0.0,500,101.8,21
2024-12-26,P002,春8貫寿司,Thursday,False,False,False,False,snowy,3.3,2.6,600,101.8,4
2024-12-27,P002,春8貫寿司,Friday,False,False,False,False,sunny,-0.8,0.0,600,101.8,9
2024-12-28,P002,春8貫寿司,Saturday,True,False,False,True,sunny,-2.3,0.0,500,101.8,14
2024-12-29,P002,春8貫寿司,Sunday,True,False,False,True,cloudy,-0.7,0.2,500,101.8,16
2024-12-30,P002,春8貫寿司,Monday,False,False,False,False,cloudy,-5.3,0.8,600,101.8,12
2024-12-31,P002,春8貫寿司,Tuesday,False,False,False,False,cloudy,3.7,0.4,600,101.8,7
2025-01-01,P002,春8貫寿司,Wednesday,False,True,False,True,cloudy,-2.9,0.9,500,102.0,15
2025-01-02,P002,春8貫寿司,Thursday,False,False,False,False,snowy,-3.3,5.1,600,102.0,4
2025-01-03,P002,春8貫寿司,Friday,False,False,False,False,cloudy,-0.3,0.6,600,102.0,10
2025-01-04,P002,春8貫寿司,Saturday,True,False,False,True,sunny,0.2,0.0,500,102.0,11
2025-01-05,P002,春8貫寿司,Sunday,True,False,False,True,snowy,0.5,4.6,500,102.0,7
2025-01-06,P002,春8貫寿司,Monday,False,False,False,False,cloudy,-4.4,0.3,600,102.0,9
2025-01-07,P002,春8貫寿司,Tuesday,False,False,False,False,snowy,-3.1,8.5,600,102.0,4
2025-01-08,P002,春8貫寿司,Wednesday,False,False,False,True,snowy,-2.4,9.2,500,102.0,8
2025-01-09,P002,春8貫寿司,Thursday,False,False,False,False,sunny,-3.9,0.0,600,102.0,9
2025-01-10,P002,春8貫寿司,Friday,False,False,False,False,cloudy,-1.9,0.8,600,102.0,9
2025-01-11,P002,春8貫寿司,Saturday,True,False,False,True,sunny,-1.9,0.0,500,102.0,15
2025-01-12,P002,春8貫寿司,Sunday,True,False,False,True,sunny,-2.5,0.0,500,102.0,14
2025-01-13,P002,春8貫寿司,Monday,False,True,False,False,rainy,-9.0,5.3,600,102.0,7
2025-01-14,P002,春8貫寿司,Tuesday,False,False,False,False,snowy,-2.5,7.2,600,102.0,5
2025-01-15,P002,春8貫寿司,Wednesday,False,False,False,True,snowy,2.7,7.6,500,102.0,12
2025-01-16,P002,春8貫寿司,Thursday,False,False,False,False,sunny,-2.9,0.0,600,102.0,10
2025-01-17,P002,春8貫寿司,Friday,False,False,False,False,snowy,-3.2,3.4,600,102.0,4
2025-01-18,P002,春8貫寿司,Saturday,True,False,False,True,snowy,-0.4,3.0,500,102.0,5
2025-01-19,P002,春8貫寿司,Sunday,True,False,False,True,sunny,-1.9,0.0,500,102.0,15
2025-01-20,P002,春8貫寿司,Monday,False,False,False,False,snowy,-9.0,3.0,600,102.0,5
2025-01-21,P002,春8貫寿司,Tuesday,False,False,False,False,rainy,-1.6,4.5,600,102.0,7
2025-01-22,P002,春8貫寿司,Wednesday,False,False,False,True,cloudy,-2.0,0.5,500,102.0,19
2025-01-23,P002,春8貫寿司,Thursday,False,False,False,False,sunny,-6.5,0.0,600,102.0,9
2025-01-24,P002,春8貫寿司,Friday,False,False,False,False,cloudy,-4.1,0.9,600,102.0,11
2025-01-25,P002,春8貫寿司,Saturday,True,False,False,True,cloudy,-6.7,0.8,500,102.0,10
2025-01-26,P002,春8貫寿司,Sunday,True,False,False,True,snowy,-5.3,6.7,500,102.0,8
2025-01-27,P002,春8貫寿司,Monday,False,False,False,False,cloudy,-2.0,0.3,600,102.0,8
2025-01-28,P002,春8貫寿司,Tuesday,False,False,False,False,snowy,-0.6,7.9,600,102.0,3
2025-01-29,P002,春8貫寿司,Wednesday,False,False,False,True,snowy,-2.8,3.0,500,102.0,8
2025-01-30,P002,春8貫寿司,Thursday,False,False,False,False,sunny,-0.1,0.0,600,102.0,9
2025-01-31,P002,春8貫寿司,Friday,False,False,False,False,snowy,-3.6,7.7,600,102.0,4
2025-02-01,P002,春8貫寿司,Saturday,True,False,False,True,sunny,0.2,0.0,500,102.3,14
2025-02-02,P002,春8貫寿司,Sunday,True,False,False,True,sunny,-4.4,0.0,500,102.3,12
2025-02-03,P002,春8貫寿司,Monday,False,False,False,False,cloudy,4.7,0.4,600,102.3,10
2025-02-04,P002,春8貫寿司,Tuesday,False,False,False,False,snowy,-7.8,6.2,600,102.3,4
2025-02-05,P002,春8貫寿司,Wednesday,False,False,False,True,snowy,-2.6,2.5,500,102.3,10
2025-02-06,P002,春8貫寿司,Thursday,False,False,False,False,sunny,4.8,0.0,600,102.3,10
2025-02-07,P002,春8貫寿司,Friday,False,False,False,False,cloudy,-0.8,0.6,600,102.3,9
2025-02-08,P002,春8貫寿司,Saturday,True,False,False,True,rainy,-2.5,7.2,500,102.3,7
2025-02-09,P002,春8貫寿司,Sunday,True,False,False,True,sunny,-2.2,0.0,500,102.3,16
2025-02-10,P002,春8貫寿司,Monday,False,False,False,False,rainy,-3.3,3.9,600,102.3,7
2025-02-11,P002,春8貫寿司,Tuesday,False,True,False,False,rainy,-2.9,6.5,600,102.3,8
2025-02-12,P002,春8貫寿司,Wednesday,False,False,False,True,rainy,5.8,10.5,500,102.3,11
2025-02-13,P002,春8貫寿司,Thursday,False,False,False,False,rainy,-4.2,8.4,600,102.3,5
2025-02-14,P002,春8貫寿司,Friday,False,False,False,False,cloudy,7.4,0.2,600,102.3,9
2025-02-15,P002,春8貫寿司,Saturday,True,False,True,True,cloudy,4.1,0.6,500,102.3,28
2025-02-16,P002,春8貫寿司,Sunday,True,False,False,True,rainy,3.4,3.9,500,102.3,11
2025-02-17,P002,春8貫寿司,Monday,False,False,False,False,cloudy,2.6,1.0,600,102.3,8
2025-02-18,P002,春8貫寿司,Tuesday,False,False,False,False,sunny,-1.0,0.0,600,102.3,9
2025-02-19,P002,春8貫寿司,Wednesday,False,False,False,True,sunny,-2.0,0.0,500,102.3,16
2025-02-20,P002,春8貫寿司,Thursday,False,False,False,False,rainy,0.3,10.7,600,102.3,7
2025-02-21,P002,春8貫寿司,Friday,False,False,False,False,snowy,-1.0,7.8,600,102.3,5
2025-02-22,P002,春8貫寿司,Saturday,True,False,False,True,sunny,-1.0,0.0,500,102.3,14
2025-02-23,P002,春8貫寿司,Sunday,True,True,False,True,snowy,0.5,6.8,500,102.3,7
2025-02-24,P002,春8貫寿司,Monday,False,False,False,False,cloudy,-3.6,0.3,600,102.3,10
2025-02-25,P002,春8貫寿司,Tuesday,False,False,False,False,snowy,1.2,3.4,600,102.3,4
2025-02-26,P002,春8貫寿司,Wednesday,False,False,False,True,cloudy,-0.3,0.4,500,102.3,15
2025-02-27,P002,春8貫寿司,Thursday,False,False,False,False,sunny,1.6,0.0,600,102.3,8
2025-02-28,P002,春8貫寿司,Friday,False,False,False,False,snowy,-4.4,1.2,600,102.3,5
2025-03-01,P002,春8貫寿司,Saturday,True,False,False,True,sunny,5.0,0.0,500,102.5,16
2025-03-02,P002,春8貫寿司,Sunday,True,False,False,True,snowy,4.2,6.5,500,102.5,8
2025-03-03,P002,春8貫寿司,Monday,False,False,False,False,snowy,3.9,1.1,600,102.5,5
2025-03-04,P002,春8貫寿司,Tuesday,False,False,False,False,sunny,5.6,0.0,600,102.5,9
2025-03-05,P002,春8貫寿司,Wednesday,False,False,False,True,snowy,-2.5,3.7,500,102.5,11
2025-03-06,P002,春8貫寿司,Thursday,False,False,False,False,sunny,7.3,0.0,600,102.5,10
2025-03-07,P002,春8貫寿司,Friday,False,False,False,False,rainy,-0.2,12.3,600,102.5,5
2025-03-08,P002,春8貫寿司,Saturday,True,False,False,True,cloudy,-0.4,0.2,500,102.5,13
2025-03-09,P002,春8貫寿司,Sunday,True,False,False,True,cloudy,1.7,0.8,500,102.5,14
2025-03-10,P002,春8貫寿司,Monday,False,False,False,False,sunny,4.9,0.0,600,102.5,8
2025-03-11,P002,春8貫寿司,Tuesday,False,False,False,False,snowy,4.3,9.7,600,102.5,5
2025-03-12,P002,春8貫寿司,Wednesday,False,False,False,True,rainy,-6.1,8.0,500,102.5,12
2025-03-13,P002,春8貫寿司,Thursday,False,False,False,False,sunny,6.1,0.0,600,102.5,12
2025-03-14,P002,春8貫寿司,Friday,False,False,False,False,cloudy,1.3,0.7,600,102.5,11
2025-03-15,P002,春8貫寿司,Saturday,True,False,False,True,cloudy,0.4,0.7,500,102.5,12
2025-03-16,P002,春8貫寿司,Sunday,True,False,False,True,snowy,1.0,6.6,500,102.5,6
2025-03-17,P002,春8貫寿司,Monday,False,False,False,False,snowy,1.9,1.8,600,102.5,4
2025-03-18,P002,春8貫寿司,Tuesday,False,False,False,False,cloudy,3.2,0.3,600,102.5,7
2025-03-19,P002,春8貫寿司,Wednesday,False,False,False,True,snowy,5.7,9.6,500,102.5,9
2025-03-20,P002,春8貫寿司,Thursday,False,True,False,False,cloudy,2.2,0.2,600,102.5,15
2025-03-21,P002,春8貫寿司,Friday,False,False,False,False,sunny,1.7,0.0,600,102.5,11
2025-03-22,P002,春8貫寿司,Saturday,True,False,False,True,sunny,8.1,0.0,500,102.5,12
2025-03-23,P002,春8貫寿司,Sunday,True,False,False,True,sunny,7.7,0.0,500,102.5,16
2025-03-24,P002,春8貫寿司,Monday,False,False,False,False,cloudy,2.2,0.6,600,102.5,9
2025-03-25,P002,春8貫寿司,Tuesday,False,False,False,False,cloudy,-1.1,0.8,600,102.5,10
2025-03-26,P002,春8貫寿司,Wednesday,False,False,False,True,snowy,4.2,8.1,500,102.5,9
2025-03-27,P002,春8貫寿司,Thursday,False,False,False,False,sunny,1.0,0.0,600,102.5,10
2025-03-28,P002,春8貫寿司,Friday,False,False,False,False,snowy,2.7,5.1,600,102.5,6
2025-03-29,P002,春8貫寿司,Saturday,True,False,False,True,snowy,5.0,2.2,500,102.5,8
2025-03-30,P002,春8貫寿司,Sunday,True,False,False,True,cloudy,4.4,0.5,500,102.5,13
2025-03-31,P002,春8貫寿司,Monday,False,False,False,False,snowy,-1.4,3.5,600,102.5,3
2025-04-01,P002,春8貫寿司,Tuesday,False,False,False,False,rainy,7.5,6.6,600,102.7,6
2025-04-02,P002,春8貫寿司,Wednesday,False,False,False,True,cloudy,12.0,0.7,500,102.7,22
2025-04-03,P002,春8貫寿司,Thursday,False,False,False,False,cloudy,6.7,0.4,600,102.7,11
2025-04-04,P002,春8貫寿司,Friday,False,False,False,False,rainy,5.6,3.5,600,102.7,6
2025-04-05,P002,春8貫寿司,Saturday,True,False,False,True,cloudy,9.2,0.8,500,102.7,14
2025-04-06,P002,春8貫寿司,Sunday,True,False,False,True,cloudy,4.7,0.3,500,102.7,15
2025-04-07,P002,春8貫寿司,Monday,False,False,False,False,sunny,11.9,0.0,600,102.7,10
2025-04-08,P002,春8貫寿司,Tuesday,False,False,False,False,sunny,4.8,0.0,600,102.7,7
2025-04-09,P002,春8貫寿司,Wednesday,False,False,False,True,sunny,8.9,0.0,500,102.7,13
2025-04-10,P002,春8貫寿司,Thursday,False,False,False,False,sunny,10.2,0.0,600,102.7,10
2025-04-11,P002,春8貫寿司,Friday,False,False,False,False,rainy,8.7,9.4,600,102.7,6
2025-04-12,P002,春8貫寿司,Saturday,True,False,False,True,rainy,9.4,8.2,500,102.7,11
2025-04-13,P002,春8貫寿司,Sunday,True,False,False,True,rainy,3.6,14.9,500,102.7,11
2025-04-14,P002,春8貫寿司,Monday,False,False,False,False,sunny,8.2,0.0,600,102.7,9
2025-04-15,P002,春8貫寿司,Tuesday,False,False,True,False,sunny,9.6,0.0,600,102.7,19
2025-04-16,P002,春8貫寿司,Wednesday,False,False,False,True,sunny,10.5,0.0,500,102.7,20
2025-04-17,P002,春8貫寿司,Thursday,False,False,False,False,rainy,11.3,6.9,600,102.7,6
2025-04-18,P002,春8貫寿司,Friday,False,False,False,False,sunny,9.6,0.0,600,102.7,13
2025-04-19,P002,春8貫寿司,Saturday,True,False,False,True,rainy,9.3,14.6,500,102.7,10
2025-04-20,P002,春8貫寿司,Sunday,True,False,False,True,sunny,9.7,0.0,500,102.7,17
2025-04-21,P002,春8貫寿司,Monday,False,False,False,False,sunny,8.0,0.0,600,102.7,14
2025-04-22,P002,春8貫寿司,Tuesday,False,False,False,False,sunny,6.2,0.0,600,102.7,11
2025-04-23,P002,春8貫寿司,Wednesday,False,False,False,True,sunny,11.2,0.0,500,102.7,17
2025-04-24,P002,春8貫寿司,Thursday,False,False,False,False,sunny,10.0,0.0,600,102.7,11
2025-04-25,P002,春8貫寿司,Friday,False,False,False,False,sunny,6.2,0.0,600,102.7,12
2025-04-26,P002,春8貫寿司,Saturday,True,False,False,True,sunny,17.4,0.0,500,102.7,11
2025-04-27,P002,春8貫寿司,Sunday,True,False,False,True,sunny,5.8,0.0,500,102.7,14
2025-04-28,P002,春8貫寿司,Monday,False,False,False,False,sunny,10.4,0.0,600,102.7,11
2025-04-29,P002,春8貫寿司,Tuesday,False,True,False,False,sunny,9.7,0.0,600,102.7,10
2025-04-30,P002,春8貫寿司,Wednesday,False,False,False,True,rainy,8.6,6.8,500,102.7,15
2025-05-01,P002,春8貫寿司,Thursday,False,False,False,False,sunny,12.0,0.0,600,102.9,10
2025-05-02,P002,春8貫寿司,Friday,False,False,False,False,sunny,15.0,0.0,600,102.9,10
2025-05-03,P002,春8貫寿司,Saturday,True,True,False,True,cloudy,15.3,0.6,500,102.9,24
2025-05-04,P002,春8貫寿司,Sunday,True,True,False,True,cloudy,16.8,0.4,500,102.9,23
2025-05-05,P002,春8貫寿司,Monday,False,True,False,False,sunny,12.4,0.0,600,102.9,14
2025-05-06,P002,春8貫寿司,Tuesday,False,False,False,False,cloudy,10.5,0.6,600,102.9,9
2025-05-07,P002,春8貫寿司,Wednesday,False,False,False,True,rainy,15.7,9.7,500,102.9,18
2025-05-08,P002,春8貫寿司,Thursday,False,False,False,False,sunny,11.8,0.0,600,102.9,12
2025-05-09,P002,春8貫寿司,Friday,False,False,False,False,sunny,14.9,0.0,600,102.9,10
2025-05-10,P002,春8貫寿司,Saturday,True,False,False,True,rainy,12.6,10.3,500,102.9,12
2025-05-11,P002,春8貫寿司,Sunday,True,False,False,True,cloudy,12.8,0.0,500,102.9,17
2025-05-12,P002,春8貫寿司,Monday,False,False,False,False,sunny,7.9,0.0,600,102.9,11
2025-05-13,P002,春8貫寿司,Tuesday,False,False,False,False,sunny,18.3,0.0,600,102.9,11
2025-05-14,P002,春8貫寿司,Wednesday,False,False,False,True,sunny,14.4,0.0,500,102.9,22
2025-05-15,P002,春8貫寿司,Thursday,False,False,False,False,cloudy,9.5,0.9,600,102.9,8
2025-05-16,P002,春8貫寿司,Friday,False,False,False,False,sunny,15.4,0.0,600,102.9,5
2025-05-17,P002,春8貫寿司,Saturday,True,False,False,True,cloudy,9.0,0.6,500,102.9,15
2025-05-18,P002,春8貫寿司,Sunday,True,False,False,True,sunny,16.1,0.0,500,102.9,16
2025-05-19,P002,春8貫寿司,Monday,False,False,False,False,sunny,16.3,0.0,600,102.9,12
2025-05-20,P002,春8貫寿司,Tuesday,False,False,False,False,cloudy,17.8,0.9,600,102.9,9
2025-05-21,P002,春8貫寿司,Wednesday,False,False,False,True,sunny,12.3,0.0,500,102.9,18
2025-05-22,P002,春8貫寿司,Thursday,False,False,False,False,cloudy,20.8,0.5,600,102.9,10
2025-05-23,P002,春8貫寿司,Friday,False,False,False,False,sunny,19.1,0.0,600,102.9,10
2025-05-24,P002,春8貫寿司,Saturday,True,False,False,True,sunny,16.2,0.0,500,102.9,20
2025-05-25,P002,春8貫寿司,Sunday,True,False,False,True,sunny,18.4,0.0,500,102.9,15
2025-05-26,P002,春8貫寿司,Monday,False,False,False,False,rainy,19.4,4.6,600,102.9,8
2025-05-27,P002,春8貫寿司,Tuesday,False,False,False,False,sunny,14.9,0.0,600,102.9,9
2025-05-28,P002,春8貫寿司,Wednesday,False,False,False,True,sunny,18.1,0.0,500,102.9,24
2025-05-29,P002,春8貫寿司,Thursday,False,False,False,False,sunny,14.4,0.0,600,102.9,8
2025-05-30,P002,春8貫寿司,Friday,False,False,False,False,sunny,19.5,0.0,600,102.9,11
2025-05-31,P002,春8貫寿司,Saturday,True,False,False,True,cloudy,15.6,0.8,500,102.9,10
2025-06-01,P002,春8貫寿司,Sunday,True,False,False,True,sunny,23.7,0.0,500,103.2,18
2025-06-02,P002,春8貫寿司,Monday,False,False,False,False,cloudy,26.6,0.1,600,103.2,11
2025-06-03,P002,春8貫寿司,Tuesday,False,False,False,False,rainy,15.7,5.4,600,103.2,7
2025-06-04,P002,春8貫寿司,Wednesday,False,False,False,True,rainy,20.5,11.3,500,103.2,14
2025-06-05,P002,春8貫寿司,Thursday,False,False,False,False,rainy,14.4,6.9,600,103.2,6
2025-06-06,P002,春8貫寿司,Friday,False,False,False,False,rainy,22.4,12.1,600,103.2,5
2025-06-07,P002,春8貫寿司,Saturday,True,False,False,True,cloudy,16.3,0.6,500,103.2,14
2025-06-08,P002,春8貫寿司,Sunday,True,False,False,True,cloudy,17.7,0.7,500,103.2,15
2025-06-09,P002,春8貫寿司,Monday,False,False,False,False,sunny,19.9,0.0,600,103.2,9
2025-06-10,P002,春8貫寿司,Tuesday,False,False,False,False,sunny,23.7,0.0,600,103.2,7
2025-06-11,P002,春8貫寿司,Wednesday,False,False,False,True,cloudy,16.8,0.3,500,103.2,13
2025-06-12,P002,春8貫寿司,Thursday,False,False,False,False,cloudy,23.6,0.1,600,103.2,12
2025-06-13,P002,春8貫寿司,Friday,False,False,False,False,rainy,18.9,5.8,600,103.2,5
