data/sushi_sales.csv
date,product_id,product_name,day_of_week,is_weekend,is_holiday,is_pension_day,is_sale_day,weather,temperature,precipitation,effective_price,cpi_index,sales_count
2024-04-03,P003,絆10貫寿司,Wednesday,False,False,False,True,cloudy,12.4,0.4,500,100.0,21
2024-04-04,P003,絆10貫寿司,Thursday,False,False,False,False,rainy,8.9,12.1,600,100.0,8
2024-04-05,P003,絆10貫寿司,Friday,False,False,False,False,cloudy,7.9,0.5,600,100.0,13
2024-04-06,P003,絆10貫寿司,Saturday,True,False,False,True,cloudy,7.8,0.3,500,100.0,20
2024-04-07,P003,絆10貫寿司,Sunday,True,False,False,True,sunny,6.5,0.0,500,100.0,20
2024-04-08,P003,絆10貫寿司,Monday,False,False,False,False,rainy,5.5,6.7,600,100.0,9
2024-04-09,P003,絆10貫寿司,Tuesday,False,False,False,False,sunny,11.6,0.0,600,100.0,13
2024-04-10,P003,絆10貫寿司,Wednesday,False,False,False,True,cloudy,10.9,0.7,500,100.0,22
2024-04-11,P003,絆10貫寿司,Thursday,False,False,False,False,sunny,13.5,0.0,600,100.0,9
2024-04-12,P003,絆10貫寿司,Friday,False,False,False,False,cloudy,9.5,0.6,600,100.0,13
2024-04-13,P003,絆10貫寿司,Saturday,True,False,False,True,sunny,11.6,0.0,500,100.0,15
2024-04-14,P003,絆10貫寿司,Sunday,True,False,False,True,sunny,10.5,0.0,500,100.0,20
2024-04-15,P003,絆10貫寿司,Monday,False,False,True,False,cloudy,10.9,0.4,600,100.0,19
2024-04-16,P003,絆10貫寿司,Tuesday,False,False,False,False,sunny,5.4,0.0,600,100.0,11
2024-04-17,P003,絆10貫寿司,Wednesday,False,False,False,True,sunny,10.3,0.0,500,100.0,22
2024-04-18,P003,絆10貫寿司,Thursday,False,False,False,False,cloudy,3.9,0.1,600,100.0,13
2024-04-19,P003,絆10貫寿司,Friday,False,False,False,False,cloudy,7.9,1.0,600,100.0,13
2024-04-20,P003,絆10貫寿司,Saturday,True,False,False,True,sunny,6.1,0.0,500,100.0,20
2024-04-21,P003,絆10貫寿司,Sunday,True,False,False,True,sunny,9.7,0.0,500,100.0,14
2024-04-22,P003,絆10貫寿司,Monday,False,False,False,False,cloudy,9.7,0.6,600,100.0,12
2024-04-23,P003,絆10貫寿司,Tuesday,False,False,False,False,sunny,9.7,0.0,600,100.0,14
2024-04-24,P003,絆10貫寿司,Wednesday,False,False,False,True,sunny,5.4,0.0,500,100.0,23
2024-04-25,P003,絆10貫寿司,Thursday,False,False,False,False,sunny,10.9,0.0,600,100.0,10
2024-04-26,P003,絆10貫寿司,Friday,False,False,False,False,cloudy,11.5,0.5,600,100.0,13
2024-04-27,P003,絆10貫寿司,Saturday,True,False,False,True,sunny,9.8,0.0,500,100.0,17
2024-04-28,P003,絆10貫寿司,Sunday,True,False,False,True,sunny,12.2,0.0,500,100.0,18
2024-04-29,P003,絆10貫寿司,Monday,False,True,False,False,sunny,7.5,0.0,600,100.0,21
2024-04-30,P003,絆10貫寿司,Tuesday,False,False,False,False,sunny,7.5,0.0,600,100.0,10
2024-05-01,P003,絆10貫寿司,Wednesday,False,False,False,True,sunny,12.5,0.0,500,100.3,27
2024-05-02,P003,絆10貫寿司,Thursday,False,False,False,False,sunny,14.5,0.0,600,100.3,13
2024-05-03,P003,絆10貫寿司,Friday,False,True,False,False,sunny,11.3,0.0,600,100.3,17
2024-05-04,P003,絆10貫寿司,Saturday,True,True,False,True,rainy,14.6,9.2,500,100.3,18
2024-05-05,P003,絆10貫寿司,Sunday,True,True,False,True,sunny,16.3,0.0,500,100.3,26
2024-05-06,P003,絆10貫寿司,Monday,False,False,False,False,sunny,20.0,0.0,600,100.3,12
2024-05-07,P003,絆10貫寿司,Tuesday,False,False,False,False,cloudy,11.7,0.3,600,100.3,11
2024-05-08,P003,絆10貫寿司,Wednesday,False,False,False,True,sunny,16.0,0.0,500,100.3,26
2024-05-09,P003,絆10貫寿司,Thursday,False,False,False,False,sunny,14.9,0.0,600,100.3,10
2024-05-10,P003,絆10貫寿司,Friday,False,False,False,False,rainy,17.7,11.9,600,100.3,8
2024-05-11,P003,絆10貫寿司,Saturday,True,False,False,True,sunny,16.6,0.0,500,100.3,18
2024-05-12,P003,絆10貫寿司,Sunday,True,False,False,True,sunny,15.7,0.0,500,100.3,15
2024-05-13,P003,絆10貫寿司,Monday,False,False,False,False,sunny,22.6,0.0,600,100.3,10
2024-05-14,P003,絆10貫寿司,Tuesday,False,False,False,False,sunny,13.2,0.0,600,100.3,14
2024-05-15,P003,絆10貫寿司,Wednesday,False,False,False,True,cloudy,8.6,0.5,500,100.3,21
2024-05-16,P003,絆10貫寿司,Thursday,False,False,False,False,cloudy,9.7,0.5,600,100.3,10
2024-05-17,P003,絆10貫寿司,Friday,False,False,False,False,rainy,23.7,3.8,600,100.3,9
2024-05-18,P003,絆10貫寿司,Saturday,True,False,False,True,sunny,14.3,0.0,500,100.3,19
2024-05-19,P003,絆10貫寿司,Sunday,True,False,False,True,sunny,10.9,0.0,500,100.3,17
2024-05-20,P003,絆10貫寿司,Monday,False,False,False,False,sunny,16.4,0.0,600,100.3,12
2024-05-21,P003,絆10貫寿司,Tuesday,False,False,False,False,sunny,15.0,0.0,600,100.3,13
2024-05-22,P003,絆10貫寿司,Wednesday,False,False,False,True,sunny,19.7,0.0,500,100.3,20
2024-05-23,P003,絆10貫寿司,Thursday,False,False,False,False,rainy,15.8,14.1,600,100.3,9
2024-05-24,P003,絆10貫寿司,Friday,False,False,False,False,rainy,13.6,12.4,600,100.3,8
2024-05-25,P003,絆10貫寿司,Saturday,True,False,False,True,sunny,15.5,0.0,500,100.3,11
2024-05-26,P003,絆10貫寿司,Sunday,True,False,False,True,cloudy,15.9,0.1,500,100.3,19
2024-05-27,P003,絆10貫寿司,Monday,False,False,False,False,sunny,17.6,0.0,600,100.3,12
2024-05-28,P003,絆10貫寿司,Tuesday,False,False,False,False,sunny,18.9,0.0,600,100.3,15
2024-05-29,P003,絆10貫寿司,Wednesday,False,False,False,True,sunny,20.2,0.0,500,100.3,23
2024-05-30,P003,絆10貫寿司,Thursday,False,False,False,False,cloudy,12.9,0.7,600,100.3,12
2024-05-31,P003,絆10貫寿司,Friday,False,False,False,False,cloudy,17.3,0.7,600,100.3,9
2024-06-01,P003,絆10貫寿司,Saturday,True,False,False,True,rainy,17.4,10.1,500,100.5,11
2024-06-02,P003,絆10貫寿司,Sunday,True,False,False,True,sunny,15.4,0.0,500,100.5,19
2024-06-03,P003,絆10貫寿司,Monday,False,False,False,False,cloudy,12.1,0.5,600,100.5,13
2024-06-04,P003,絆10貫寿司,Tuesday,False,False,False,False,cloudy,17.2,0.1,600,100.5,15
2024-06-05,P003,絆10貫寿司,Wednesday,False,False,False,True,cloudy,17.3,0.7,500,100.5,25
2024-06-06,P003,絆10貫寿司,Thursday,False,False,False,False,sunny,16.4,0.0,600,100.5,13
2024-06-07,P003,絆10貫寿司,Friday,False,False,False,False,rainy,15.8,7.6,600,100.5,7
2024-06-08,P003,絆10貫寿司,Saturday,True,False,False,True,rainy,21.5,7.5,500,100.5,14
2024-06-09,P003,絆10貫寿司,Sunday,True,False,False,True,sunny,26.0,0.0,500,100.5,13
2024-06-10,P003,絆10貫寿司,Monday,False,False,False,False,rainy,19.3,8.5,600,100.5,7
2024-06-11,P003,絆10貫寿司,Tuesday,False,False,False,False,cloudy,20.3,0.9,600,100.5,9
2024-06-12,P003,絆10貫寿司,Wednesday,False,False,False,True,rainy,17.6,13.0,500,100.5,19
2024-06-13,P003,絆10貫寿司,Thursday,False,False,False,False,rainy,20.6,5.9,600,100.5,9
2024-06-14,P003,絆10貫寿司,Friday,False,False,False,False,rainy,20.6,3.4,600,100.5,9
2024-06-15,P003,絆10貫寿司,Saturday,True,False,True,True,rainy,14.6,13.2,500,100.5,25
2024-06-16,P003,絆10貫寿司,Sunday,True,False,False,True,rainy,22.3,13.1,500,100.5,15
2024-06-17,P003,絆10貫寿司,Monday,False,False,False,False,rainy,17.2,11.8,600,100.5,8
2024-06-18,P003,絆10貫寿司,Tuesday,False,False,False,False,rainy,14.9,3.7,600,100.5,9
2024-06-19,P003,絆10貫寿司,Wednesday,False,False,False,True,rainy,21.8,4.1,500,100.5,15
2024-06-20,P003,絆10貫寿司,Thursday,False,False,False,False,rainy,18.4,9.9,600,100.5,8
2024-06-21,P003,絆10貫寿司,Friday,False,False,False,False,cloudy,22.2,0.6,600,100.5,13
2024-06-22,P003,絆10貫寿司,Saturday,True,False,False,True,cloudy,24.9,0.1,500,100.5,18
2024-06-23,P003,絆10貫寿司,Sunday,True,False,False,True,cloudy,20.0,0.6,500,100.5,16
2024-06-24,P003,絆10貫寿司,Monday,False,False,False,False,cloudy,15.6,0.0,600,100.5,15
2024-06-25,P003,絆10貫寿司,Tuesday,False,False,False,False,cloudy,20.0,0.7,600,100.5,12
2024-06-26,P003,絆10貫寿司,Wednesday,False,False,False,True,rainy,22.2,8.2,500,100.5,17
2024-06-27,P003,絆10貫寿司,Thursday,False,False,False,False,rainy,19.3,14.1,600,100.5,7
2024-06-28,P003,絆10貫寿司,Friday,False,False,False,False,sunny,16.4,0.0,600,100.5,14
2024-06-29,P003,絆10貫寿司,Saturday,True,False,False,True,sunny,20.4,0.0,500,100.5,20
2024-06-30,P003,絆10貫寿司,Sunday,True,False,False,True,sunny,13.0,0.0,500,100.5,22
2024-07-01,P003,絆10貫寿司,Monday,False,False,False,False,cloudy,18.5,0.4,600,100.7,16
2024-07-02,P003,絆10貫寿司,Tuesday,False,False,False,False,sunny,24.4,0.0,600,100.7,11
2024-07-03,P003,絆10貫寿司,Wednesday,False,False,False,True,sunny,25.4,0.0,500,100.7,21
2024-07-04,P003,絆10貫寿司,Thursday,False,False,False,False,rainy,27.9,9.7,600,100.7,8
2024-07-05,P003,絆10貫寿司,Friday,False,False,False,False,cloudy,21.7,0.1,600,100.7,12
2024-07-06,P003,絆10貫寿司,Saturday,True,False,False,True,sunny,20.2,0.0,500,100.7,19
2024-07-07,P003,絆10貫寿司,Sunday,True,False,False,True,sunny,21.4,0.0,500,100.7,11
2024-07-08,P003,絆10貫寿司,Monday,False,False,False,False,sunny,20.5,0.0,600,100.7,12
2024-07-09,P003,絆10貫寿司,Tuesday,False,False,False,False,rainy,23.6,7.4,600,100.7,9
2024-07-10,P003,絆10貫寿司,Wednesday,False,False,False,True,cloudy,23.9,0.9,500,100.7,21
2024-07-11,P003,絆10貫寿司,Thursday,False,False,False,False,rainy,19.3,9.0,600,100.7,8
2024-07-12,P003,絆10貫寿司,Friday,False,False,False,False,rainy,23.2,5.1,600,100.7,9
2024-07-13,P003,絆10貫寿司,Saturday,True,False,False,True,rainy,24.6,6.7,500,100.7,12
2024-07-14,P003,絆10貫寿司,Sunday,True,False,False,True,rainy,23.6,14.8,500,100.7,15
2024-07-15,P003,絆10貫寿司,Monday,False,True,False,False,rainy,15.8,14.6,600,100.7,10
2024-07-16,P003,絆10貫寿司,Tuesday,False,False,False,False,rainy,19.5,9.6,600,100.7,10
2024-07-17,P003,絆10貫寿司,Wednesday,False,False,False,True,sunny,28.5,0.0,500,100.7,22
2024-07-18,P003,絆10貫寿司,Thursday,False,False,False,False,cloudy,25.4,0.5,600,100.7,11
2024-07-19,P003,絆10貫寿司,Friday,False,False,False,False,sunny,21.1,0.0,600,100.7,13
2024-07-20,P003,絆10貫寿司,Saturday,True,False,False,True,sunny,17.9,0.0,500,100.7,15
2024-07-21,P003,絆10貫寿司,Sunday,True,False,False,True,rainy,24.3,13.4,500,100.7,14
2024-07-22,P003,絆10貫寿司,Monday,False,False,False,False,sunny,27.4,0.0,600,100.7,12
2024-07-23,P003,絆10貫寿司,Tuesday,False,False,False,False,rainy,24.4,7.8,600,100.7,10
2024-07-24,P003,絆10貫寿司,Wednesday,False,False,False,True,rainy,27.8,13.2,500,100.7,16
2024-07-25,P003,絆10貫寿司,Thursday,False,False,False,False,sunny,22.4,0.0,600,100.7,13
2024-07-26,P003,絆10貫寿司,Friday,False,False,False,False,rainy,25.1,15.0,600,100.7,8
2024-07-27,P003,絆10貫寿司,Saturday,True,False,False,True,cloudy,17.8,0.4,500,100.7,23
2024-07-28,P003,絆10貫寿司,Sunday,True,False,False,True,cloudy,19.7,0.2,500,100.7,16
2024-07-29,P003,絆10貫寿司,Monday,False,False,False,False,sunny,22.0,0.0,600,100.7,12
2024-07-30,P003,絆10貫寿司,Tuesday,False,False,False,False,sunny,22.8,0.0,600,100.7,9
2024-07-31,P003,絆10貫寿司,Wednesday,False,False,False,True,cloudy,15.3,0.6,500,100.7,19
2024-08-01,P003,絆10貫寿司,Thursday,False,False,False,False,sunny,26.0,0.0,600,100.9,13
2024-08-02,P003,絆10貫寿司,Friday,False,False,False,False,cloudy,27.5,0.5,600,100.9,11
2024-08-03,P003,絆10貫寿司,Saturday,True,False,False,True,sunny,27.4,0.0,500,100.9,17
2024-08-04,P003,絆10貫寿司,Sunday,True,False,False,True,sunny,24.3,0.0,500,100.9,12
2024-08-05,P003,絆10貫寿司,Monday,False,False,False,False,sunny,18.0,0.0,600,100.9,10
2024-08-06,P003,絆10貫寿司,Tuesday,False,False,False,False,sunny,24.3,0.0,600,100.9,12
2024-08-07,P003,絆10貫寿司,Wednesday,False,False,False,True,cloudy,22.3,0.3,500,100.9,24
2024-08-08,P003,絆10貫寿司,Thursday,False,False,False,False,sunny,21.9,0.0,600,100.9,10
2024-08-09,P003,絆10貫寿司,Friday,False,False,False,False,sunny,27.1,0.0,600,100.9,10
2024-08-10,P003,絆10貫寿司,Saturday,True,False,False,True,sunny,18.2,0.0,500,100.9,15
2024-08-11,P003,絆10貫寿司,Sunday,True,True,False,True,sunny,27.3,0.0,500,100.9,21
2024-08-12,P003,絆10貫寿司,Monday,False,False,False,False,sunny,26.6,0.0,600,100.9,12
2024-08-13,P003,絆10貫寿司,Tuesday,False,False,False,False,sunny,27.4,0.0,600,100.9,8
2024-08-14,P003,絆10貫寿司,Wednesday,False,False,False,True,cloudy,21.9,0.8,500,100.9,30
2024-08-15,P003,絆10貫寿司,Thursday,False,False,True,False,sunny,23.9,0.0,600,100.9,21
2024-08-16,P003,絆10貫寿司,Friday,False,False,False,False,sunny,31.1,0.0,600,100.9,11
2024-08-17,P003,絆10貫寿司,Saturday,True,False,False,True,sunny,26.9,0.0,500,100.9,21
2024-08-18,P003,絆10貫寿司,Sunday,True,False,False,True,sunny,26.9,0.0,500,100.9,13
2024-08-19,P003,絆10貫寿司,Monday,False,False,False,False,sunny,21.2,0.0,600,100.9,15
2024-08-20,P003,絆10貫寿司,Tuesday,False,False,False,False,rainy,29.1,4.5,600,100.9,7
2024-08-21,P003,絆10貫寿司,Wednesday,False,False,False,True,sunny,21.1,0.0,500,100.9,30
2024-08-22,P003,絆10貫寿司,Thursday,False,False,False,False,cloudy,25.0,0.9,600,100.9,10
2024-08-23,P003,絆10貫寿司,Friday,False,False,False,False,sunny,22.8,0.0,600,100.9,13
2024-08-24,P003,絆10貫寿司,Saturday,True,False,False,True,rainy,24.6,10.1,500,100.9,14
2024-08-25,P003,絆10貫寿司,Sunday,True,False,False,True,cloudy,21.7,0.4,500,100.9,21
2024-08-26,P003,絆10貫寿司,Monday,False,False,False,False,cloudy,21.3,0.4,600,100.9,12
2024-08-27,P003,絆10貫寿司,Tuesday,False,False,False,False,sunny,23.5,0.0,600,100.9,13
2024-08-28,P003,絆10貫寿司,Wednesday,False,False,False,True,cloudy,25.8,1.0,500,100.9,20
2024-08-29,P003,絆10貫寿司,Thursday,False,False,False,False,sunny,19.4,0.0,600,100.9,12
2024-08-30,P003,絆10貫寿司,Friday,False,False,False,False,cloudy,17.0,0.8,600,100.9,10
2024-08-31,P003,絆10貫寿司,Saturday,True,False,False,True,rainy,22.3,4.2,500,100.9,16
2024-09-01,P003,絆10貫寿司,Sunday,True,False,False,True,rainy,20.1,11.6,500,101.1,13
2024-09-02,P003,絆10貫寿司,Monday,False,False,False,False,cloudy,22.6,0.4,600,101.1,11
2024-09-03,P003,絆10貫寿司,Tuesday,False,False,False,False,sunny,20.1,0.0,600,101.1,12
2024-09-04,P003,絆10貫寿司,Wednesday,False,False,False,True,cloudy,14.2,1.0,500,101.1,24
2024-09-05,P003,絆10貫寿司,Thursday,False,False,False,False,rainy,17.9,5.4,600,101.1,8
2024-09-06,P003,絆10貫寿司,Friday,False,False,False,False,sunny,20.8,0.0,600,101.1,13
2024-09-07,P003,絆10貫寿司,Saturday,True,False,False,True,sunny,14.1,0.0,500,101.1,17
2024-09-08,P003,絆10貫寿司,Sunday,True,False,False,True,rainy,20.7,14.8,500,101.1,10
2024-09-09,P003,絆10貫寿司,Monday,False,False,False,False,sunny,23.7,0.0,600,101.1,7
2024-09-10,P003,絆10貫寿司,Tuesday,False,False,False,False,cloudy,18.3,0.2,600,101.1,11
2024-09-11,P003,絆10貫寿司,Wednesday,False,False,False,True,cloudy,17.4,0.3,500,101.1,24
2024-09-12,P003,絆10貫寿司,Thursday,False,False,False,False,cloudy,24.8,0.9,600,101.1,10
2024-09-13,P003,絆10貫寿司,Friday,False,False,False,False,sunny,16.8,0.0,600,101.1,13
2024-09-14,P003,絆10貫寿司,Saturday,True,False,False,True,sunny,23.0,0.0,500,101.1,22
2024-09-15,P003,絆10貫寿司,Sunday,True,False,False,True,sunny,14.4,0.0,500,101.1,16
2024-09-16,P003,絆10貫寿司,Monday,False,True,False,False,cloudy,19.5,0.5,600,101.1,18
2024-09-17,P003,絆10貫寿司,Tuesday,False,False,False,False,sunny,20.0,0.0,600,101.1,14
2024-09-18,P003,絆10貫寿司,Wednesday,False,False,False,True,sunny,21.8,0.0,500,101.1,27
2024-09-19,P003,絆10貫寿司,Thursday,False,False,False,False,sunny,20.6,0.0,600,101.1,14
2024-09-20,P003,絆10貫寿司,Friday,False,False,False,False,sunny,18.9,0.0,600,101.1,7
2024-09-21,P003,絆10貫寿司,Saturday,True,False,False,True,cloudy,14.8,0.2,500,101.1,15
2024-09-22,P003,絆10貫寿司,Sunday,True,False,False,True,sunny,18.5,0.0,500,101.1,18
2024-09-23,P003,絆10貫寿司,Monday,False,True,False,False,sunny,20.4,0.0,600,101.1,16
2024-09-24,P003,絆10貫寿司,Tuesday,False,False,False,False,snowy,19.2,1.6,600,101.1,6
2024-09-25,P003,絆10貫寿司,Wednesday,False,False,False,True,cloudy,20.7,0.9,500,101.1,28
2024-09-26,P003,絆10貫寿司,Thursday,False,False,False,False,cloudy,15.7,0.5,600,101.1,12
2024-09-27,P003,絆10貫寿司,Friday,False,False,False,False,cloudy,21.1,0.0,600,101.1,13
2024-09-28,P003,絆10貫寿司,Saturday,True,False,False,True,cloudy,22.6,0.9,500,101.1,21
2024-09-29,P003,絆10貫寿司,Sunday,True,False,False,True,cloudy,22.3,0.5,500,101.1,20
2024-09-30,P003,絆10貫寿司,Monday,False,False,False,False,sunny,18.8,0.0,600,101.1,12
2024-10-01,P003,絆10貫寿司,Tuesday,False,False,False,False,cloudy,11.9,0.7,600,101.4,10
2024-10-02,P003,絆10貫寿司,Wednesday,False,False,False,True,cloudy,8.0,0.2,500,101.4,23
2024-10-03,P003,絆10貫寿司,Thursday,False,False,False,False,sunny,14.9,0.0,600,101.4,13
2024-10-04,P003,絆10貫寿司,Friday,False,False,False,False,sunny,6.7,0.0,600,101.4,8
2024-10-05,P003,絆10貫寿司,Saturday,True,False,False,True,cloudy,16.1,1.0,500,101.4,17
2024-10-06,P003,絆10貫寿司,Sunday,True,False,False,True,sunny,13.0,0.0,500,101.4,16
2024-10-07,P003,絆10貫寿司,Monday,False,False,False,False,rainy,10.1,9.5,600,101.4,8
2024-10-08,P003,絆10貫寿司,Tuesday,False,False,False,False,sunny,11.4,0.0,600,101.4,10
2024-10-09,P003,絆10貫寿司,Wednesday,False,False,False,True,cloudy,12.4,0.8,500,101.4,29
2024-10-10,P003,絆10貫寿司,Thursday,False,False,False,False,cloudy,14.2,0.3,600,101.4,15
2024-10-11,P003,絆10貫寿司,Friday,False,False,False,False,rainy,16.4,5.0,600,101.4,7
2024-10-12,P003,絆10貫寿司,Saturday,True,False,False,True,rainy,12.8,12.3,500,101.4,12
2024-10-13,P003,絆10貫寿司,Sunday,True,False,False,True,sunny,13.7,0.0,500,101.4,25
2024-10-14,P003,絆10貫寿司,Monday,False,True,False,False,snowy,13.7,2.2,600,101.4,8
2024-10-15,P003,絆10貫寿司,Tuesday,False,False,True,False,cloudy,8.8,0.8,600,101.4,21
2024-10-16,P003,絆10貫寿司,Wednesday,False,False,False,True,sunny,15.4,0.0,500,101.4,28
2024-10-17,P003,絆10貫寿司,Thursday,False,False,False,False,sunny,14.5,0.0,600,101.4,14
2024-10-18,P003,絆10貫寿司,Friday,False,False,False,False,sunny,14.8,0.0,600,101.4,10
2024-10-19,P003,絆10貫寿司,Saturday,True,False,False,True,rainy,10.6,8.0,500,101.4,15
2024-10-20,P003,絆10貫寿司,Sunday,True,False,False,True,sunny,12.3,0.0,500,101.4,18
2024-10-21,P003,絆10貫寿司,Monday,False,False,False,False,sunny,14.1,0.0,600,101.4,13
2024-10-22,P003,絆10貫寿司,Tuesday,False,False,False,False,sunny,12.3,0.0,600,101.4,11
2024-10-23,P003,絆10貫寿司,Wednesday,False,False,False,True,sunny,12.3,0.0,500,101.4,23
2024-10-24,P003,絆10貫寿司,Thursday,False,False,False,False,rainy,17.1,7.7,600,101.4,8
2024-10-25,P003,絆10貫寿司,Friday,False,False,False,False,sunny,13.0,0.0,600,101.4,8
2024-10-26,P003,絆10貫寿司,Saturday,True,False,False,True,sunny,13.0,0.0,500,101.4,19
2024-10-27,P003,絆10貫寿司,Sunday,True,False,False,True,sunny,16.1,0.0,500,101.4,20
2024-10-28,P003,絆10貫寿司,Monday,False,False,False,False,cloudy,15.1,0.4,600,101.4,15
2024-10-29,P003,絆10貫寿司,Tuesday,False,False,False,False,sunny,9.4,0.0,600,101.4,11
2024-10-30,P003,絆10貫寿司,Wednesday,False,False,False,True,cloudy,10.4,0.8,500,101.4,23
2024-10-31,P003,絆10貫寿司,Thursday,False,False,False,False,cloudy,7.3,0.3,600,101.4,9
2024-11-01,P003,絆10貫寿司,Friday,False,False,False,False,cloudy,7.4,0.3,600,101.6,10
2024-11-02,P003,絆10貫寿司,Saturday,True,False,False,True,cloudy,8.9,0.0,500,101.6,17
2024-11-03,P003,絆10貫寿司,Sunday,True,True,False,True,sunny,6.6,0.0,500,101.6,29
2024-11-04,P003,絆10貫寿司,Monday,False,False,False,False,sunny,12.8,0.0,600,101.6,10
