data/sushi_sales.csv
date,product_id,product_name,day_of_week,is_weekend,is_holiday,is_pension_day,is_sale_day,weather,temperature,precipitation,effective_price,cpi_index,sales_count
2025-06-10,P003,絆10貫寿司,Tuesday,False,False,False,False,sunny,23.7,0.0,600,103.2,9
2025-06-11,P003,絆10貫寿司,Wednesday,False,False,False,True,cloudy,16.8,0.3,500,103.2,17
2025-06-12,P003,絆10貫寿司,Thursday,False,False,False,False,cloudy,23.6,0.1,600,103.2,16
2025-06-13,P003,絆10貫寿司,Friday,False,False,False,False,rainy,18.9,5.8,600,103.2,10
2025-06-14,P003,絆10貫寿司,Saturday,True,False,False,True,cloudy,18.3,0.8,500,103.2,18
2025-06-15,P003,絆10貫寿司,Sunday,True,False,True,True,rainy,19.2,9.3,500,103.2,25
2025-06-16,P003,絆10貫寿司,Monday,False,False,False,False,cloudy,17.9,0.7,600,103.2,13
2025-06-17,P003,絆10貫寿司,Tuesday,False,False,False,False,sunny,20.6,0.0,600,103.2,11
2025-06-18,P003,絆10貫寿司,Wednesday,False,False,False,True,cloudy,17.2,0.1,500,103.2,19
2025-06-19,P003,絆10貫寿司,Thursday,False,False,False,False,sunny,15.4,0.0,600,103.2,11
2025-06-20,P003,絆10貫寿司,Friday,False,False,False,False,cloudy,21.0,0.6,600,103.2,11
2025-06-21,P003,絆10貫寿司,Saturday,True,False,False,True,rainy,16.3,10.6,500,103.2,13
2025-06-22,P003,絆10貫寿司,Sunday,True,False,False,True,sunny,24.4,0.0,500,103.2,18
2025-06-23,P003,絆10貫寿司,Monday,False,False,False,False,sunny,18.7,0.0,600,103.2,13
2025-06-24,P003,絆10貫寿司,Tuesday,False,False,False,False,sunny,19.7,0.0,600,103.2,13
2025-06-25,P003,絆10貫寿司,Wednesday,False,False,False,True,sunny,16.7,0.0,500,103.2,23
2025-06-26,P003,絆10貫寿司,Thursday,False,False,False,False,rainy,17.4,11.3,600,103.2,10
2025-06-27,P003,絆10貫寿司,Friday,False,False,False,False,sunny,22.7,0.0,600,103.2,15
2025-06-28,P003,絆10貫寿司,Saturday,True,False,False,True,cloudy,18.1,0.0,500,103.2,18
2025-06-29,P003,絆10貫寿司,Sunday,True,False,False,True,sunny,17.2,0.0,500,103.2,22
2025-06-30,P003,絆10貫寿司,Monday,False,False,False,False,cloudy,18.4,0.9,600,103.2,9
2025-07-01,P003,絆10貫寿司,Tuesday,False,False,False,False,sunny,22.8,0.0,600,103.4,14
2025-07-02,P003,絆10貫寿司,Wednesday,False,False,False,True,cloudy,24.6,0.8,500,103.4,27
2025-07-03,P003,絆10貫寿司,Thursday,False,False,False,False,rainy,18.1,7.9,600,103.4,9
2025-07-04,P003,絆10貫寿司,Friday,False,False,False,False,rainy,25.4,12.0,600,103.4,8
2025-07-05,P003,絆10貫寿司,Saturday,True,False,False,True,sunny,24.5,0.0,500,103.4,17
2025-07-06,P003,絆10貫寿司,Sunday,True,False,False,True,cloudy,24.2,0.3,500,103.4,20
2025-07-07,P003,絆10貫寿司,Monday,False,False,False,False,rainy,24.1,13.5,600,103.4,10
2025-07-08,P003,絆10貫寿司,Tuesday,False,False,False,False,cloudy,23.6,0.6,600,103.4,13
2025-07-09,P003,絆10貫寿司,Wednesday,False,False,False,True,sunny,27.4,0.0,500,103.4,25
2025-07-10,P003,絆10貫寿司,Thursday,False,False,False,False,cloudy,20.1,0.2,600,103.4,14
2025-07-11,P003,絆10貫寿司,Friday,False,False,False,False,rainy,24.0,13.4,600,103.4,8
2025-07-12,P003,絆10貫寿司,Saturday,True,False,False,True,rainy,24.9,13.2,500,103.4,13
2025-07-13,P003,絆10貫寿司,Sunday,True,False,False,True,rainy,20.5,14.1,500,103.4,9
2025-07-14,P003,絆10貫寿司,Monday,False,False,False,False,sunny,27.2,0.0,600,103.4,12
2025-07-15,P003,絆10貫寿司,Tuesday,False,False,False,False,cloudy,20.0,0.9,600,103.4,9
2025-07-16,P003,絆10貫寿司,Wednesday,False,False,False,True,cloudy,21.2,0.4,500,103.4,24
2025-07-17,P003,絆10貫寿司,Thursday,False,False,False,False,cloudy,20.7,0.7,600,103.4,15
2025-07-18,P003,絆10貫寿司,Friday,False,False,False,False,sunny,21.3,0.0,600,103.4,14
2025-07-19,P003,絆10貫寿司,Saturday,True,False,False,True,rainy,22.9,9.1,500,103.4,12
2025-07-20,P003,絆10貫寿司,Sunday,True,False,False,True,rainy,26.6,3.4,500,103.4,14
2025-07-21,P003,絆10貫寿司,Monday,False,True,False,False,cloudy,22.7,0.8,600,103.4,20
2025-07-22,P003,絆10貫寿司,Tuesday,False,False,False,False,sunny,21.5,0.0,600,103.4,16
2025-07-23,P003,絆10貫寿司,Wednesday,False,False,False,True,sunny,23.5,0.0,500,103.4,24
2025-07-24,P003,絆10貫寿司,Thursday,False,False,False,False,rainy,23.8,9.7,600,103.4,7
2025-07-25,P003,絆10貫寿司,Friday,False,False,False,False,cloudy,22.0,0.7,600,103.4,12
2025-07-26,P003,絆10貫寿司,Saturday,True,False,False,True,rainy,22.9,6.6,500,103.4,15
2025-07-27,P003,絆10貫寿司,Sunday,True,False,False,True,cloudy,22.3,0.5,500,103.4,19
2025-07-28,P003,絆10貫寿司,Monday,False,False,False,False,rainy,26.7,12.2,600,103.4,7
2025-07-29,P003,絆10貫寿司,Tuesday,False,False,False,False,sunny,17.7,0.0,600,103.4,14
2025-07-30,P003,絆10貫寿司,Wednesday,False,False,False,True,rainy,19.9,13.6,500,103.4,19
2025-07-31,P003,絆10貫寿司,Thursday,False,False,False,False,rainy,23.4,10.8,600,103.4,7
2025-08-01,P003,絆10貫寿司,Friday,False,False,False,False,sunny,28.6,0.0,600,103.6,11
2025-08-02,P003,絆10貫寿司,Saturday,True,False,False,True,snowy,25.9,8.2,500,103.6,10
2025-08-03,P003,絆10貫寿司,Sunday,True,False,False,True,sunny,24.6,0.0,500,103.6,18
2025-08-04,P003,絆10貫寿司,Monday,False,False,False,False,sunny,21.7,0.0,600,103.6,14
2025-08-05,P003,絆10貫寿司,Tuesday,False,False,False,False,cloudy,23.2,0.5,600,103.6,11
2025-08-06,P003,絆10貫寿司,Wednesday,False,False,False,True,sunny,21.5,0.0,500,103.6,22
2025-08-07,P003,絆10貫寿司,Thursday,False,False,False,False,cloudy,23.8,0.7,600,103.6,14
2025-08-08,P003,絆10貫寿司,Friday,False,False,False,False,sunny,26.9,0.0,600,103.6,9
2025-08-09,P003,絆10貫寿司,Saturday,True,False,False,True,cloudy,28.1,0.2,500,103.6,20
2025-08-10,P003,絆10貫寿司,Sunday,True,False,False,True,sunny,20.1,0.0,500,103.6,21
2025-08-11,P003,絆10貫寿司,Monday,False,True,False,False,rainy,26.0,11.1,600,103.6,10
2025-08-12,P003,絆10貫寿司,Tuesday,False,False,False,False,cloudy,27.7,0.2,600,103.6,9
2025-08-13,P003,絆10貫寿司,Wednesday,False,False,False,True,sunny,27.3,0.0,500,103.6,23
2025-08-14,P003,絆10貫寿司,Thursday,False,False,False,False,cloudy,23.7,0.4,600,103.6,13
2025-08-15,P003,絆10貫寿司,Friday,False,False,True,False,sunny,29.5,0.0,600,103.6,23
2025-08-16,P003,絆10貫寿司,Saturday,True,False,False,True,sunny,25.3,0.0,500,103.6,18
2025-08-17,P003,絆10貫寿司,Sunday,True,False,False,True,rainy,29.4,12.1,500,103.6,11
2025-08-18,P003,絆10貫寿司,Monday,False,False,False,False,cloudy,23.3,0.4,600,103.6,13
2025-08-19,P003,絆10貫寿司,Tuesday,False,False,False,False,sunny,27.9,0.0,600,103.6,10
2025-08-20,P003,絆10貫寿司,Wednesday,False,False,False,True,sunny,30.2,0.0,500,103.6,15
2025-08-21,P003,絆10貫寿司,Thursday,False,False,False,False,sunny,23.9,0.0,600,103.6,12
2025-08-22,P003,絆10貫寿司,Friday,False,False,False,False,sunny,20.6,0.0,600,103.6,13
2025-08-23,P003,絆10貫寿司,Saturday,True,False,False,True,sunny,25.9,0.0,500,103.6,15
2025-08-24,P003,絆10貫寿司,Sunday,True,False,False,True,sunny,30.5,0.0,500,103.6,11
2025-08-25,P003,絆10貫寿司,Monday,False,False,False,False,sunny,27.9,0.0,600,103.6,10
2025-08-26,P003,絆10貫寿司,Tuesday,False,False,False,False,sunny,26.7,0.0,600,103.6,14
2025-08-27,P003,絆10貫寿司,Wednesday,False,False,False,True,cloudy,28.3,0.1,500,103.6,20
2025-08-28,P003,絆10貫寿司,Thursday,False,False,False,False,sunny,23.1,0.0,600,103.6,12
2025-08-29,P003,絆10貫寿司,Friday,False,False,False,False,sunny,29.1,0.0,600,103.6,10
2025-08-30,P003,絆10貫寿司,Saturday,True,False,False,True,sunny,25.4,0.0,500,103.6,15
2025-08-31,P003,絆10貫寿司,Sunday,True,False,False,True,cloudy,22.6,0.4,500,103.6,14
2025-09-01,P003,絆10貫寿司,Monday,False,False,False,False,cloudy,20.2,0.7,600,103.9,11
2025-09-02,P003,絆10貫寿司,Tuesday,False,False,False,False,sunny,20.4,0.0,600,103.9,9
2025-09-03,P003,絆10貫寿司,Wednesday,False,False,False,True,sunny,21.2,0.0,500,103.9,26
2025-09-04,P003,絆10貫寿司,Thursday,False,False,False,False,rainy,20.0,4.8,600,103.9,8
2025-09-05,P003,絆10貫寿司,Friday,False,False,False,False,sunny,17.5,0.0,600,103.9,12
2025-09-06,P003,絆10貫寿司,Saturday,True,False,False,True,rainy,16.4,10.1,500,103.9,11
2025-09-07,P003,絆10貫寿司,Sunday,True,False,False,True,sunny,15.8,0.0,500,103.9,16
2025-09-08,P003,絆10貫寿司,Monday,False,False,False,False,sunny,23.4,0.0,600,103.9,10
2025-09-09,P003,絆10貫寿司,Tuesday,False,False,False,False,cloudy,25.7,0.9,600,103.9,12
2025-09-10,P003,絆10貫寿司,Wednesday,False,False,False,True,cloudy,25.5,0.2,500,103.9,24
2025-09-11,P003,絆10貫寿司,Thursday,False,False,False,False,cloudy,18.1,0.8,600,103.9,12
2025-09-12,P003,絆10貫寿司,Friday,False,False,False,False,sunny,19.1,0.0,600,103.9,13
2025-09-13,P003,絆10貫寿司,Saturday,True,False,False,True,rainy,17.7,5.9,500,103.9,15
2025-09-14,P003,絆10貫寿司,Sunday,True,False,False,True,cloudy,24.9,0.1,500,103.9,17
2025-09-15,P003,絆10貫寿司,Monday,False,True,False,False,cloudy,24.8,0.3,600,103.9,19
2025-09-16,P003,絆10貫寿司,Tuesday,False,False,False,False,sunny,19.1,0.0,600,103.9,8
2025-09-17,P003,絆10貫寿司,Wednesday,False,False,False,True,sunny,20.3,0.0,500,103.9,19
2025-09-18,P003,絆10貫寿司,Thursday,False,False,False,False,sunny,20.9,0.0,600,103.9,9
2025-09-19,P003,絆10貫寿司,Friday,False,False,False,False,snowy,18.0,6.6,600,103.9,7
2025-09-20,P003,絆10貫寿司,Saturday,True,False,False,True,sunny,18.2,0.0,500,103.9,18
2025-09-21,P003,絆10貫寿司,Sunday,True,False,False,True,cloudy,18.2,0.2,500,103.9,22
2025-09-22,P003,絆10貫寿司,Monday,False,False,False,False,cloudy,16.0,0.5,600,103.9,12
2025-09-23,P003,絆10貫寿司,Tuesday,False,True,False,False,sunny,24.2,0.0,600,103.9,20
2025-09-24,P003,絆10貫寿司,Wednesday,False,False,False,True,sunny,18.5,0.0,500,103.9,32
2025-09-25,P003,絆10貫寿司,Thursday,False,False,False,False,sunny,19.0,0.0,600,103.9,15
2025-09-26,P003,絆10貫寿司,Friday,False,False,False,False,rainy,19.2,7.0,600,103.9,10
2025-09-27,P003,絆10貫寿司,Saturday,True,False,False,True,sunny,27.1,0.0,500,103.9,17
2025-09-28,P003,絆10貫寿司,Sunday,True,False,False,True,sunny,18.3,0.0,500,103.9,20
2025-09-29,P003,絆10貫寿司,Monday,False,False,False,False,rainy,18.4,13.2,600,103.9,10
2025-09-30,P003,絆10貫寿司,Tuesday,False,False,False,False,sunny,19.5,0.0,600,103.9,13
2025-10-01,P003,絆10貫寿司,Wednesday,False,False,False,True,rainy,13.8,10.7,500,104.1,17
2025-10-02,P003,絆10貫寿司,Thursday,False,False,False,False,sunny,14.5,0.0,600,104.1,10
2025-10-03,P003,絆10貫寿司,Friday,False,False,False,False,cloudy,16.8,0.6,600,104.1,11
2025-10-04,P003,絆10貫寿司,Saturday,True,False,False,True,sunny,14.5,0.0,500,104.1,20
2025-10-05,P003,絆10貫寿司,Sunday,True,False,False,True,sunny,10.2,0.0,500,104.1,17
2025-10-06,P003,絆10貫寿司,Monday,False,False,False,False,rainy,11.7,13.8,600,104.1,8
2025-10-07,P003,絆10貫寿司,Tuesday,False,False,False,False,cloudy,20.4,0.1,600,104.1,12
2025-10-08,P003,絆10貫寿司,Wednesday,False,False,False,True,sunny,19.2,0.0,500,104.1,24
2025-10-09,P003,絆10貫寿司,Thursday,False,False,False,False,cloudy,15.3,0.9,600,104.1,9
2025-10-10,P003,絆10貫寿司,Friday,False,False,False,False,sunny,16.1,0.0,600,104.1,10
2025-10-11,P003,絆10貫寿司,Saturday,True,False,False,True,sunny,11.6,0.0,500,104.1,15
2025-10-12,P003,絆10貫寿司,Sunday,True,False,False,True,sunny,15.9,0.0,500,104.1,16
2025-10-13,P003,絆10貫寿司,Monday,False,True,False,False,sunny,18.5,0.0,600,104.1,20
2025-10-14,P003,絆10貫寿司,Tuesday,False,False,False,False,cloudy,14.8,0.7,600,104.1,13
2025-10-15,P003,絆10貫寿司,Wednesday,False,False,True,True,sunny,13.1,0.0,500,104.1,34
2025-10-16,P003,絆10貫寿司,Thursday,False,False,False,False,sunny,13.7,0.0,600,104.1,13
2025-10-17,P003,絆10貫寿司,Friday,False,False,False,False,sunny,15.2,0.0,600,104.1,11
2025-10-18,P003,絆10貫寿司,Saturday,True,False,False,True,cloudy,14.0,0.4,500,104.1,19
2025-10-19,P003,絆10貫寿司,Sunday,True,False,False,True,rainy,12.9,14.1,500,104.1,13
2025-10-20,P003,絆10貫寿司,Monday,False,False,False,False,sunny,13.2,0.0,600,104.1,11
2025-10-21,P003,絆10貫寿司,Tuesday,False,False,False,False,sunny,16.2,0.0,600,104.1,15
2025-10-22,P003,絆10貫寿司,Wednesday,False,False,False,True,cloudy,10.6,0.0,500,104.1,25
2025-10-23,P003,絆10貫寿司,Thursday,False,False,False,False,rainy,12.7,11.3,600,104.1,7
2025-10-24,P003,絆10貫寿司,Friday,False,False,False,False,sunny,12.6,0.0,600,104.1,10
2025-10-25,P003,絆10貫寿司,Saturday,True,False,False,True,sunny,8.6,0.0,500,104.1,17
2025-10-26,P003,絆10貫寿司,Sunday,True,False,False,True,sunny,15.0,0.0,500,104.1,19
2025-10-27,P003,絆10貫寿司,Monday,False,False,False,False,rainy,10.2,4.4,600,104.1,9
2025-10-28,P003,絆10貫寿司,Tuesday,False,False,False,False,rainy,15.3,14.7,600,104.1,8
2025-10-29,P003,絆10貫寿司,Wednesday,False,False,False,True,sunny,10.0,0.0,500,104.1,26
2025-10-30,P003,絆10貫寿司,Thursday,False,False,False,False,sunny,8.9,0.0,600,104.1,11
2025-10-31,P003,絆10貫寿司,Friday,False,False,False,False,sunny,8.7,0.0,600,104.1,12
2025-11-01,P003,絆10貫寿司,Saturday,True,False,False,True,sunny,10.2,0.0,500,104.4,17
2025-11-02,P003,絆10貫寿司,Sunday,True,False,False,True,cloudy,5.3,0.5,500,104.4,21
2025-11-03,P003,絆10貫寿司,Monday,False,True,False,False,cloudy,8.4,0.3,600,104.4,15
2025-11-04,P003,絆10貫寿司,Tuesday,False,False,False,False,cloudy,9.1,0.1,600,104.4,13
2025-11-05,P003,絆10貫寿司,Wednesday,False,False,False,True,cloudy,13.7,0.5,500,104.4,18
2025-11-06,P003,絆10貫寿司,Thursday,False,False,False,False,sunny,7.8,0.0,600,104.4,12
2025-11-07,P003,絆10貫寿司,Friday,False,False,False,False,snowy,3.1,1.4,600,104.4,5
2025-11-08,P003,絆10貫寿司,Saturday,True,False,False,True,sunny,9.6,0.0,500,104.4,19
2025-11-09,P003,絆10貫寿司,Sunday,True,False,False,True,sunny,9.7,0.0,500,104.4,21
2025-11-10,P003,絆10貫寿司,Monday,False,False,False,False,sunny,7.8,0.0,600,104.4,12
2025-11-11,P003,絆10貫寿司,Tuesday,False,False,False,False,cloudy,9.6,0.4,600,104.4,12
2025-11-12,P003,絆10貫寿司,Wednesday,False,False,False,True,rainy,5.9,3.3,500,104.4,14
2025-11-13,P003,絆10貫寿司,Thursday,False,False,False,False,sunny,7.3,0.0,600,104.4,15
2025-11-14,P003,絆10貫寿司,Friday,False,False,False,False,rainy,8.2,4.2,600,104.4,8
2025-11-15,P003,絆10貫寿司,Saturday,True,False,False,True,cloudy,6.0,0.4,500,104.4,13
2025-11-16,P003,絆10貫寿司,Sunday,True,False,False,True,sunny,0.7,0.0,500,104.4,17
2025-11-17,P003,絆10貫寿司,Monday,False,False,False,False,cloudy,5.3,0.3,600,104.4,14
2025-11-18,P003,絆10貫寿司,Tuesday,False,False,False,False,sunny,5.8,0.0,600,104.4,11
2025-11-19,P003,絆10貫寿司,Wednesday,False,False,False,True,sunny,8.7,0.0,500,104.4,25
2025-11-20,P003,絆10貫寿司,Thursday,False,False,False,False,sunny,5.7,0.0,600,104.4,15
2025-11-21,P003,絆10貫寿司,Friday,False,False,False,False,rainy,9.9,13.4,600,104.4,9
2025-11-22,P003,絆10貫寿司,Saturday,True,False,False,True,cloudy,5.7,0.9,500,104.4,17
2025-11-23,P003,絆10貫寿司,Sunday,True,True,False,True,cloudy,9.6,0.0,500,104.4,29
2025-11-24,P003,絆10貫寿司,Monday,False,False,False,False,sunny,6.1,0.0,600,104.4,13
2025-11-25,P003,絆10貫寿司,Tuesday,False,False,False,False,sunny,8.8,0.0,600,104.4,11
2025-11-26,P003,絆10貫寿司,Wednesday,False,False,False,True,sunny,6.9,0.0,500,104.4,24
2025-11-27,P003,絆10貫寿司,Thursday,False,False,False,False,sunny,6.3,0.0,600,104.4,9
2025-11-28,P003,絆10貫寿司,Friday,False,False,False,False,cloudy,9.3,0.9,600,104.4,9
2025-11-29,P003,絆10貫寿司,Saturday,True,False,False,True,sunny,7.5,0.0,500,104.4,15
2025-11-30,P003,絆10貫寿司,Sunday,True,False,False,True,rainy,9.5,9.8,500,104.4,7
2025-12-01,P003,絆10貫寿司,Monday,False,False,False,False,cloudy,-2.1,0.3,600,104.6,7
2025-12-02,P003,絆10貫寿司,Tuesday,False,False,False,False,sunny,2.5,0.0,600,104.6,12
2025-12-03,P003,絆10貫寿司,Wednesday,False,False,False,True,rainy,1.4,6.9,500,104.6,15
2025-12-04,P003,絆10貫寿司,Thursday,False,False,False,False,sunny,-0.8,0.0,600,104.6,9
2025-12-05,P003,絆10貫寿司,Friday,False,False,False,False,snowy,1.7,8.1,600,104.6,5
2025-12-06,P003,絆10貫寿司,Saturday,True,False,False,True,sunny,0.9,0.0,500,104.6,13
2025-12-07,P003,絆10貫寿司,Sunday,True,False,False,True,cloudy,-4.2,0.4,500,104.6,17
2025-12-08,P003,絆10貫寿司,Monday,False,False,False,False,cloudy,0.2,0.8,600,104.6,12
2025-12-09,P003,絆10貫寿司,Tuesday,False,False,False,False,cloudy,4.2,0.8,600,104.6,13
2025-12-10,P003,絆10貫寿司,Wednesday,False,False,False,True,sunny,0.9,0.0,500,104.6,24
2025-12-11,P003,絆10貫寿司,Thursday,False,False,False,False,snowy,-2.3,7.8,600,104.6,5
2025-12-12,P003,絆10貫寿司,Friday,False,False,False,False,cloudy,1.0,0.6,600,104.6,10
2025-12-13,P003,絆10貫寿司,Saturday,True,False,False,True,snowy,2.1,3.5,500,104.6,10
2025-12-14,P003,絆10貫寿司,Sunday,True,False,False,True,snowy,-0.0,7.8,500,104.6,9
2025-12-15,P003,絆10貫寿司,Monday,False,False,True,False,snowy,0.1,8.8,600,104.6,11
2025-12-16,P003,絆10貫寿司,Tuesday,False,False,False,False,cloudy,4.3,0.2,600,104.6,13
2025-12-17,P003,絆10貫寿司,Wednesday,False,False,False,True,sunny,-3.7,0.0,500,104.6,23
2025-12-18,P003,絆10貫寿司,Thursday,False,False,False,False,sunny,-1.5,0.0,600,104.6,10
2025-12-19,P003,絆10貫寿司,Friday,False,False,False,False,cloudy,1.3,0.2,600,104.6,9
2025-12-20,P003,絆10貫寿司,Saturday,True,False,False,True,snowy,5.1,8.7,500,104.6,10
2025-12-21,P003,絆10貫寿司,Sunday,True,False,False,True,cloudy,4.3,0.8,500,104.6,19
2025-12-22,P003,絆10貫寿司,Monday,False,False,False,False,cloudy,4.4,0.5,600,104.6,13
2025-12-23,P003,絆10貫寿司,Tuesday,False,False,False,False,snowy,3.6,5.3,600,104.6,6
2025-12-24,P003,絆10貫寿司,Wednesday,False,False,False,True,sunny,-2.6,0.0,500,104.6,22
2025-12-25,P003,絆10貫寿司,Thursday,False,False,False,False,snowy,0.9,7.7,600,104.6,6
2025-12-26,P003,絆10貫寿司,Friday,False,False,False,False,cloudy,5.0,0.9,600,104.6,12
2025-12-27,P003,絆10貫寿司,Saturday,True,False,False,True,snowy,2.3,8.2,500,104.6,9
2025-12-28,P003,絆10貫寿司,Sunday,True,False,False,True,sunny,4.2,0.0,500,104.6,17
2025-12-29,P003,絆10貫寿司,Monday,False,False,False,False,sunny,1.0,0.0,600,104.6,10
2025-12-30,P003,絆10貫寿司,Tuesday,False,False,False,False,sunny,-3.8,0.0,600,104.6,13
2025-12-31,P003,絆10貫寿司,Wednesday,False,False,False,True,cloudy,-3.6,0.9,500,104.6,25
2026-01-01,P003,絆10貫寿司,Thursday,False,True,False,False,sunny,-0.6,0.0,600,104.8,14
2026-01-02,P003,絆10貫寿司,Friday,False,False,False,False,cloudy,-4.4,0.7,600,104.8,10
2026-01-03,P003,絆10貫寿司,Saturday,True,False,False,True,rainy,-3.9,4.3,500,104.8,10
2026-01-04,P003,絆10貫寿司,Sunday,True,False,False,True,cloudy,-5.6,0.8,500,104.8,18
2026-01-05,P003,絆10貫寿司,Monday,False,False,False,False,sunny,-0.8,0.0,600,104.8,9
2026-01-06,P003,絆10貫寿司,Tuesday,False,False,False,False,snowy,-5.8,4.5,600,104.8,7
2026-01-07,P003,絆10貫寿司,Wednesday,False,False,False,True,sunny,-0.5,0.0,500,104.8,24
2026-01-08,P003,絆10貫寿司,Thursday,False,False,False,False,sunny,-2.2,0.0,600,104.8,11
2026-01-09,P003,絆10貫寿司,Friday,False,False,False,False,snowy,-0.3,3.2,600,104.8,7
2026-01-10,P003,絆10貫寿司,Saturday,True,False,False,True,cloudy,-1.1,0.4,500,104.8,16
2026-01-11,P003,絆10貫寿司,Sunday,True,False,False,True,snowy,-2.1,3.9,500,104.8,8
