data/sushi_sales.csv
date,product_id,product_name,day_of_week,is_weekend,is_holiday,is_pension_day,is_sale_day,weather,temperature,precipitation,effective_price,cpi_index,sales_count
2026-01-12,P003,絆10貫寿司,Monday,False,True,False,False,rainy,-3.3,8.1,600,104.8,12
2026-01-13,P003,絆10貫寿司,Tuesday,False,False,False,False,cloudy,-6.2,0.6,600,104.8,12
2026-01-14,P003,絆10貫寿司,Wednesday,False,False,False,True,sunny,0.4,0.0,500,104.8,21
2026-01-15,P003,絆10貫寿司,Thursday,False,False,False,False,sunny,-3.4,0.0,600,104.8,12
2026-01-16,P003,絆10貫寿司,Friday,False,False,False,False,sunny,-1.0,0.0,600,104.8,11
2026-01-17,P003,絆10貫寿司,Saturday,True,False,False,True,rainy,1.2,12.1,500,104.8,12
2026-01-18,P003,絆10貫寿司,Sunday,True,False,False,True,snowy,-0.1,8.2,500,104.8,7
2026-01-19,P003,絆10貫寿司,Monday,False,False,False,False,cloudy,-5.9,0.4,600,104.8,11
2026-01-20,P003,絆10貫寿司,Tuesday,False,False,False,False,sunny,3.0,0.0,600,104.8,11
2026-01-21,P003,絆10貫寿司,Wednesday,False,False,False,True,cloudy,2.3,0.2,500,104.8,28
2026-01-22,P003,絆10貫寿司,Thursday,False,False,False,False,snowy,0.6,2.9,600,104.8,6
2026-01-23,P003,絆10貫寿司,Friday,False,False,False,False,sunny,-4.7,0.0,600,104.8,11
2026-01-24,P003,絆10貫寿司,Saturday,True,False,False,True,sunny,-1.1,0.0,500,104.8,12
2026-01-25,P003,絆10貫寿司,Sunday,True,False,False,True,cloudy,-7.2,0.3,500,104.8,17
2026-01-26,P003,絆10貫寿司,Monday,False,False,False,False,snowy,-6.1,1.8,600,104.8,6
2026-01-27,P003,絆10貫寿司,Tuesday,False,False,False,False,cloudy,-3.9,0.7,600,104.8,10
2026-01-28,P003,絆10貫寿司,Wednesday,False,False,False,True,rainy,-5.6,12.5,500,104.8,16
2026-01-29,P003,絆10貫寿司,Thursday,False,False,False,False,snowy,-7.8,1.8,600,104.8,5
2026-01-30,P003,絆10貫寿司,Friday,False,False,False,False,cloudy,-5.2,1.0,600,104.8,9
2026-01-31,P003,絆10貫寿司,Saturday,True,False,False,True,sunny,-0.4,0.0,500,104.8,15
2026-02-01,P003,絆10貫寿司,Sunday,True,False,False,True,rainy,-1.8,12.3,500,105.1,11
2026-02-02,P003,絆10貫寿司,Monday,False,False,False,False,sunny,-3.6,0.0,600,105.1,11
2026-02-03,P003,絆10貫寿司,Tuesday,False,False,False,False,rainy,-0.9,14.2,600,105.1,8
2026-02-04,P003,絆10貫寿司,Wednesday,False,False,False,True,cloudy,-0.3,0.4,500,105.1,19
2026-02-05,P003,絆10貫寿司,Thursday,False,False,False,False,rainy,7.5,12.2,600,105.1,8
2026-02-06,P003,絆10貫寿司,Friday,False,False,False,False,rainy,-3.0,6.2,600,105.1,7
2026-02-07,P003,絆10貫寿司,Saturday,True,False,False,True,cloudy,7.4,0.4,500,105.1,20
2026-02-08,P003,絆10貫寿司,Sunday,True,False,False,True,rainy,-1.8,12.5,500,105.1,12
2026-02-09,P003,絆10貫寿司,Monday,False,False,False,False,rainy,-1.6,11.8,600,105.1,5
2026-02-10,P003,絆10貫寿司,Tuesday,False,False,False,False,cloudy,-0.1,0.4,600,105.1,12
2026-02-11,P003,絆10貫寿司,Wednesday,False,True,False,True,snowy,1.8,7.4,500,105.1,17
2026-02-12,P003,絆10貫寿司,Thursday,False,False,False,False,rainy,2.3,14.4,600,105.1,8
2026-02-13,P003,絆10貫寿司,Friday,False,False,False,False,rainy,0.1,7.4,600,105.1,10
2026-02-14,P003,絆10貫寿司,Saturday,True,False,False,True,snowy,-2.0,1.0,500,105.1,7
2026-02-15,P003,絆10貫寿司,Sunday,True,False,True,True,rainy,-2.1,11.6,500,105.1,19
2026-02-16,P003,絆10貫寿司,Monday,False,False,False,False,snowy,1.5,3.3,600,105.1,5
2026-02-17,P003,絆10貫寿司,Tuesday,False,False,False,False,cloudy,1.9,0.6,600,105.1,12
2026-02-18,P003,絆10貫寿司,Wednesday,False,False,False,True,sunny,-0.2,0.0,500,105.1,20
2026-02-19,P003,絆10貫寿司,Thursday,False,False,False,False,cloudy,-2.3,0.8,600,105.1,13
2026-02-20,P003,絆10貫寿司,Friday,False,False,False,False,cloudy,1.9,0.9,600,105.1,11
2026-02-21,P003,絆10貫寿司,Saturday,True,False,False,True,cloudy,1.6,0.7,500,105.1,15
2026-02-22,P003,絆10貫寿司,Sunday,True,False,False,True,cloudy,-1.5,0.2,500,105.1,16
2026-02-23,P003,絆10貫寿司,Monday,False,True,False,False,sunny,-2.0,0.0,600,105.1,12
2026-02-24,P003,絆10貫寿司,Tuesday,False,False,False,False,sunny,4.6,0.0,600,105.1,8
2026-02-25,P003,絆10貫寿司,Wednesday,False,False,False,True,cloudy,1.6,0.1,500,105.1,19
2026-02-26,P003,絆10貫寿司,Thursday,False,False,False,False,sunny,-0.7,0.0,600,105.1,11
2026-02-27,P003,絆10貫寿司,Friday,False,False,False,False,sunny,0.2,0.0,600,105.1,13
2026-02-28,P003,絆10貫寿司,Saturday,True,False,False,True,sunny,-6.1,0.0,500,105.1,17
2026-03-01,P003,絆10貫寿司,Sunday,True,False,False,True,cloudy,4.7,0.1,500,105.3,16
2026-03-02,P003,絆10貫寿司,Monday,False,False,False,False,sunny,4.2,0.0,600,105.3,12
2026-03-03,P003,絆10貫寿司,Tuesday,False,False,False,False,sunny,1.5,0.0,600,105.3,12
2026-03-04,P003,絆10貫寿司,Wednesday,False,False,False,True,sunny,3.2,0.0,500,105.3,22
2026-03-05,P003,絆10貫寿司,Thursday,False,False,False,False,cloudy,-0.6,0.2,600,105.3,12
2026-03-06,P003,絆10貫寿司,Friday,False,False,False,False,cloudy,-1.1,1.0,600,105.3,11
2026-03-07,P003,絆10貫寿司,Saturday,True,False,False,True,cloudy,-1.6,0.0,500,105.3,22
2026-03-08,P003,絆10貫寿司,Sunday,True,False,False,True,sunny,-0.1,0.0,500,105.3,19
2026-03-09,P003,絆10貫寿司,Monday,False,False,False,False,cloudy,-1.0,0.5,600,105.3,10
2026-03-10,P003,絆10貫寿司,Tuesday,False,False,False,False,sunny,4.2,0.0,600,105.3,11
2026-03-11,P003,絆10貫寿司,Wednesday,False,False,False,True,cloudy,3.0,0.5,500,105.3,18
2026-03-12,P003,絆10貫寿司,Thursday,False,False,False,False,sunny,-0.2,0.0,600,105.3,12
2026-03-13,P003,絆10貫寿司,Friday,False,False,False,False,rainy,3.6,8.8,600,105.3,8
2026-03-14,P003,絆10貫寿司,Saturday,True,False,False,True,rainy,2.1,4.5,500,105.3,14
2026-03-15,P003,絆10貫寿司,Sunday,True,False,False,True,cloudy,6.9,0.4,500,105.3,17
2026-03-16,P003,絆10貫寿司,Monday,False,False,False,False,cloudy,2.8,0.2,600,105.3,8
2026-03-17,P003,絆10貫寿司,Tuesday,False,False,False,False,rainy,1.1,8.4,600,105.3,10
2026-03-18,P003,絆10貫寿司,Wednesday,False,False,False,True,snowy,2.3,8.2,500,105.3,11
2026-03-19,P003,絆10貫寿司,Thursday,False,False,False,False,cloudy,-1.7,0.8,600,105.3,9
2026-03-20,P003,絆10貫寿司,Friday,False,True,False,False,sunny,3.9,0.0,600,105.3,18
2026-03-21,P003,絆10貫寿司,Saturday,True,False,False,True,sunny,2.2,0.0,500,105.3,14
2026-03-22,P003,絆10貫寿司,Sunday,True,False,False,True,cloudy,-0.4,0.3,500,105.3,14
2026-03-23,P003,絆10貫寿司,Monday,False,False,False,False,snowy,2.1,6.6,600,105.3,5
2026-03-24,P003,絆10貫寿司,Tuesday,False,False,False,False,snowy,1.1,2.7,600,105.3,7
2026-03-25,P003,絆10貫寿司,Wednesday,False,False,False,True,rainy,7.3,13.9,500,105.3,14
2026-03-26,P003,絆10貫寿司,Thursday,False,False,False,False,cloudy,4.1,0.1,600,105.3,12
2026-03-27,P003,絆10貫寿司,Friday,False,False,False,False,cloudy,7.5,0.8,600,105.3,12
2026-03-28,P003,絆10貫寿司,Saturday,True,False,False,True,sunny,-1.1,0.0,500,105.3,14
2026-03-29,P003,絆10貫寿司,Sunday,True,False,False,True,snowy,4.9,9.0,500,105.3,7
2026-03-30,P003,絆10貫寿司,Monday,False,False,False,False,cloudy,4.8,0.8,600,105.3,16
2026-03-31,P003,絆10貫寿司,Tuesday,False,False,False,False,cloudy,2.5,0.5,600,105.3,12
2026-04-01,P003,絆10貫寿司,Wednesday,False,False,False,True,cloudy,8.6,0.4,500,105.6,24
2026-04-02,P003,絆10貫寿司,Thursday,False,False,False,False,sunny,8.7,0.0,600,105.6,13
2026-04-03,P003,絆10貫寿司,Friday,False,False,False,False,sunny,11.6,0.0,600,105.6,13
2026-04-04,P003,絆10貫寿司,Saturday,True,False,False,True,rainy,12.2,8.4,500,105.6,13
2026-04-05,P003,絆10貫寿司,Sunday,True,False,False,True,rainy,8.8,10.7,500,105.6,12
2026-04-06,P003,絆10貫寿司,Monday,False,False,False,False,sunny,13.2,0.0,600,105.6,10
2026-04-07,P003,絆10貫寿司,Tuesday,False,False,False,False,sunny,7.8,0.0,600,105.6,14
2026-04-08,P003,絆10貫寿司,Wednesday,False,False,False,True,cloudy,7.9,0.7,500,105.6,17
2026-04-09,P003,絆10貫寿司,Thursday,False,False,False,False,rainy,11.3,4.2,600,105.6,7
2026-04-10,P003,絆10貫寿司,Friday,False,False,False,False,sunny,3.7,0.0,600,105.6,13
2026-04-11,P003,絆10貫寿司,Saturday,True,False,False,True,sunny,10.7,0.0,500,105.6,15
2026-04-12,P003,絆10貫寿司,Sunday,True,False,False,True,sunny,11.3,0.0,500,105.6,21
2026-04-13,P003,絆10貫寿司,Monday,False,False,False,False,cloudy,10.7,0.1,600,105.6,13
2026-04-14,P003,絆10貫寿司,Tuesday,False,False,False,False,sunny,12.4,0.0,600,105.6,10
2026-04-15,P003,絆10貫寿司,Wednesday,False,False,True,True,cloudy,11.2,1.0,500,105.6,41
2026-04-16,P003,絆10貫寿司,Thursday,False,False,False,False,sunny,8.1,0.0,600,105.6,13
2026-04-17,P003,絆10貫寿司,Friday,False,False,False,False,sunny,10.0,0.0,600,105.6,10
2026-04-18,P003,絆10貫寿司,Saturday,True,False,False,True,cloudy,9.6,0.1,500,105.6,17
2026-04-19,P003,絆10貫寿司,Sunday,True,False,False,True,cloudy,7.9,0.8,500,105.6,18
2026-04-20,P003,絆10貫寿司,Monday,False,False,False,False,sunny,3.8,0.0,600,105.6,14
2026-04-21,P003,絆10貫寿司,Tuesday,False,False,False,False,sunny,6.9,0.0,600,105.6,12
2026-04-22,P003,絆10貫寿司,Wednesday,False,False,False,True,sunny,10.4,0.0,500,105.6,25
2026-04-23,P003,絆10貫寿司,Thursday,False,False,False,False,rainy,8.3,6.4,600,105.6,8
2026-04-24,P003,絆10貫寿司,Friday,False,False,False,False,sunny,12.2,0.0,600,105.6,12
2026-04-25,P003,絆10貫寿司,Saturday,True,False,False,True,rainy,7.5,3.5,500,105.6,8
2026-04-26,P003,絆10貫寿司,Sunday,True,False,False,True,cloudy,9.2,0.4,500,105.6,17
2026-04-27,P003,絆10貫寿司,Monday,False,False,False,False,sunny,7.9,0.0,600,105.6,15
2026-04-28,P003,絆10貫寿司,Tuesday,False,False,False,False,sunny,10.7,0.0,600,105.6,14
2026-04-29,P003,絆10貫寿司,Wednesday,False,True,False,True,sunny,4.1,0.0,500,105.6,29
2026-04-30,P003,絆10貫寿司,Thursday,False,False,False,False,sunny,10.6,0.0,600,105.6,11
2026-05-01,P003,絆10貫寿司,Friday,False,False,False,False,sunny,17.7,0.0,600,105.8,11
2026-05-02,P003,絆10貫寿司,Saturday,True,False,False,True,sunny,16.7,0.0,500,105.8,17
2026-05-03,P003,絆10貫寿司,Sunday,True,True,False,True,rainy,16.4,13.2,500,105.8,21
2026-05-04,P003,絆10貫寿司,Monday,False,True,False,False,cloudy,11.4,0.2,600,105.8,17
2026-05-05,P003,絆10貫寿司,Tuesday,False,True,False,False,rainy,17.7,4.2,600,105.8,10
2026-05-06,P003,絆10貫寿司,Wednesday,False,False,False,True,rainy,16.8,3.2,500,105.8,18
2026-05-07,P003,絆10貫寿司,Thursday,False,False,False,False,sunny,12.5,0.0,600,105.8,12
2026-05-08,P003,絆10貫寿司,Friday,False,False,False,False,rainy,15.6,13.0,600,105.8,10
2026-05-09,P003,絆10貫寿司,Saturday,True,False,False,True,sunny,16.4,0.0,500,105.8,15
2026-05-10,P003,絆10貫寿司,Sunday,True,False,False,True,sunny,18.4,0.0,500,105.8,17
2026-05-11,P003,絆10貫寿司,Monday,False,False,False,False,rainy,13.6,8.7,600,105.8,8
2026-05-12,P003,絆10貫寿司,Tuesday,False,False,False,False,sunny,18.5,0.0,600,105.8,9
2026-05-13,P003,絆10貫寿司,Wednesday,False,False,False,True,sunny,20.5,0.0,500,105.8,26
2026-05-14,P003,絆10貫寿司,Thursday,False,False,False,False,sunny,13.9,0.0,600,105.8,7
2026-05-15,P003,絆10貫寿司,Friday,False,False,False,False,rainy,13.6,4.9,600,105.8,7
2026-05-16,P003,絆10貫寿司,Saturday,True,False,False,True,cloudy,16.2,0.7,500,105.8,15
2026-05-17,P003,絆10貫寿司,Sunday,True,False,False,True,cloudy,16.4,0.8,500,105.8,22
2026-05-18,P003,絆10貫寿司,Monday,False,False,False,False,sunny,18.3,0.0,600,105.8,11
2026-05-19,P003,絆10貫寿司,Tuesday,False,False,False,False,rainy,15.8,7.5,600,105.8,5
2026-05-20,P003,絆10貫寿司,Wednesday,False,False,False,True,sunny,15.1,0.0,500,105.8,23
2026-05-21,P003,絆10貫寿司,Thursday,False,False,False,False,sunny,13.4,0.0,600,105.8,10
2026-05-22,P003,絆10貫寿司,Friday,False,False,False,False,sunny,10.5,0.0,600,105.8,10
2026-05-23,P003,絆10貫寿司,Saturday,True,False,False,True,sunny,16.4,0.0,500,105.8,13
2026-05-24,P003,絆10貫寿司,Sunday,True,False,False,True,cloudy,19.6,0.2,500,105.8,15
2026-05-25,P003,絆10貫寿司,Monday,False,False,False,False,sunny,15.1,0.0,600,105.8,8
2026-05-26,P003,絆10貫寿司,Tuesday,False,False,False,False,sunny,13.5,0.0,600,105.8,12
2026-05-27,P003,絆10貫寿司,Wednesday,False,False,False,True,rainy,16.2,10.9,500,105.8,17
2026-05-28,P003,絆10貫寿司,Thursday,False,False,False,False,cloudy,11.9,0.8,600,105.8,11
2026-05-29,P003,絆10貫寿司,Friday,False,False,False,False,rainy,16.1,4.8,600,105.8,7
2026-05-30,P003,絆10貫寿司,Saturday,True,False,False,True,sunny,16.3,0.0,500,105.8,17
2026-05-31,P003,絆10貫寿司,Sunday,True,False,False,True,sunny,13.2,0.0,500,105.8,22
2026-06-01,P003,絆10貫寿司,Monday,False,False,False,False,rainy,14.5,10.6,600,106.1,7
2026-06-02,P003,絆10貫寿司,Tuesday,False,False,False,False,sunny,20.4,0.0,600,106.1,13
2026-06-03,P003,絆10貫寿司,Wednesday,False,False,False,True,cloudy,20.8,1.0,500,106.1,28
2026-06-04,P003,絆10貫寿司,Thursday,False,False,False,False,cloudy,16.2,0.9,600,106.1,11
2026-06-05,P003,絆10貫寿司,Friday,False,False,False,False,cloudy,15.2,0.1,600,106.1,10
2026-06-06,P003,絆10貫寿司,Saturday,True,False,False,True,rainy,22.8,10.1,500,106.1,12
2026-06-07,P003,絆10貫寿司,Sunday,True,False,False,True,sunny,18.6,0.0,500,106.1,15
2026-06-08,P003,絆10貫寿司,Monday,False,False,False,False,sunny,22.7,0.0,600,106.1,12
2026-06-09,P003,絆10貫寿司,Tuesday,False,False,False,False,rainy,21.3,11.7,600,106.1,7
2026-06-10,P003,絆10貫寿司,Wednesday,False,False,False,True,rainy,14.8,10.8,500,106.1,12
2026-06-11,P003,絆10貫寿司,Thursday,False,False,False,False,rainy,20.1,7.4,600,106.1,9
2026-06-12,P003,絆10貫寿司,Friday,False,False,False,False,cloudy,16.1,0.3,600,106.1,12
2026-06-13,P003,絆10貫寿司,Saturday,True,False,False,True,sunny,15.8,0.0,500,106.1,18
2026-06-14,P003,絆10貫寿司,Sunday,True,False,False,True,sunny,16.7,0.0,500,106.1,14
2026-06-15,P003,絆10貫寿司,Monday,False,False,True,False,rainy,26.4,5.9,600,106.1,13
2026-06-16,P003,絆10貫寿司,Tuesday,False,False,False,False,rainy,18.8,3.4,600,106.1,9
2026-06-17,P003,絆10貫寿司,Wednesday,False,False,False,True,rainy,18.1,7.4,500,106.1,14
2026-06-18,P003,絆10貫寿司,Thursday,False,False,False,False,sunny,21.7,0.0,600,106.1,12
2026-06-19,P003,絆10貫寿司,Friday,False,False,False,False,rainy,21.3,11.1,600,106.1,8
2026-06-20,P003,絆10貫寿司,Saturday,True,False,False,True,cloudy,19.2,0.2,500,106.1,15
2026-06-21,P003,絆10貫寿司,Sunday,True,False,False,True,sunny,24.3,0.0,500,106.1,16
2026-06-22,P003,絆10貫寿司,Monday,False,False,False,False,cloudy,14.9,0.9,600,106.1,12
2026-06-23,P003,絆10貫寿司,Tuesday,False,False,False,False,sunny,22.3,0.0,600,106.1,13
2026-06-24,P003,絆10貫寿司,Wednesday,False,False,False,True,rainy,21.2,11.1,500,106.1,16
2026-06-25,P003,絆10貫寿司,Thursday,False,False,False,False,sunny,22.8,0.0,600,106.1,13
2026-06-26,P003,絆10貫寿司,Friday,False,False,False,False,rainy,18.5,13.8,600,106.1,7
2026-06-27,P003,絆10貫寿司,Saturday,True,False,False,True,sunny,19.2,0.0,500,106.1,14
2026-06-28,P003,絆10貫寿司,Sunday,True,False,False,True,cloudy,16.9,0.3,500,106.1,18
2026-06-29,P003,絆10貫寿司,Monday,False,False,False,False,sunny,19.0,0.0,600,106.1,10
2026-06-30,P003,絆10貫寿司,Tuesday,False,False,False,False,rainy,21.1,5.6,600,106.1,6
2026-07-01,P003,絆10貫寿司,Wednesday,False,False,False,True,rainy,23.1,4.5,500,106.3,17
2026-07-02,P003,絆10貫寿司,Thursday,False,False,False,False,sunny,26.0,0.0,600,106.3,12
2026-07-03,P003,絆10貫寿司,Friday,False,False,False,False,cloudy,27.9,0.6,600,106.3,13
2026-07-04,P003,絆10貫寿司,Saturday,True,False,False,True,rainy,22.1,4.9,500,106.3,13
2026-07-05,P003,絆10貫寿司,Sunday,True,False,False,True,rainy,23.4,4.3,500,106.3,13
2026-07-06,P003,絆10貫寿司,Monday,False,False,False,False,rainy,27.9,15.0,600,106.3,9
2026-07-07,P003,絆10貫寿司,Tuesday,False,False,False,False,rainy,24.1,8.7,600,106.3,8
2026-07-08,P003,絆10貫寿司,Wednesday,False,False,False,True,cloudy,25.4,0.4,500,106.3,25
2026-07-09,P003,絆10貫寿司,Thursday,False,False,False,False,rainy,27.5,7.1,600,106.3,10
2026-07-10,P003,絆10貫寿司,Friday,False,False,False,False,cloudy,22.1,0.3,600,106.3,13
2026-07-11,P003,絆10貫寿司,Saturday,True,False,False,True,rainy,24.0,5.3,500,106.3,14
2026-07-12,P003,絆10貫寿司,Sunday,True,False,False,True,sunny,24.7,0.0,500,106.3,18
2026-07-13,P003,絆10貫寿司,Monday,False,False,False,False,sunny,19.6,0.0,600,106.3,12
2026-07-14,P003,絆10貫寿司,Tuesday,False,False,False,False,cloudy,21.0,0.9,600,106.3,7
2026-07-15,P003,絆10貫寿司,Wednesday,False,False,False,True,rainy,24.8,3.6,500,106.3,18
2026-07-16,P003,絆10貫寿司,Thursday,False,False,False,False,sunny,24.2,0.0,600,106.3,10
2026-07-17,P003,絆10貫寿司,Friday,False,False,False,False,cloudy,17.7,0.9,600,106.3,10
2026-07-18,P003,絆10貫寿司,Saturday,True,False,False,True,cloudy,13.6,0.9,500,106.3,16
2026-07-19,P003,絆10貫寿司,Sunday,True,False,False,True,sunny,25.6,0.0,500,106.3,17
2026-07-20,P003,絆10貫寿司,Monday,False,True,False,False,cloudy,20.7,0.3,600,106.3,14
2026-07-21,P003,絆10貫寿司,Tuesday,False,False,False,False,rainy,21.7,7.8,600,106.3,7
2026-07-22,P003,絆10貫寿司,Wednesday,False,False,False,True,sunny,20.2,0.0,500,106.3,25
2026-07-23,P003,絆10貫寿司,Thursday,False,False,False,False,sunny,30.6,0.0,600,106.3,10
2026-07-24,P003,絆10貫寿司,Friday,False,False,False,False,rainy,20.6,12.0,600,106.3,8
2026-07-25,P003,絆10貫寿司,Saturday,True,False,False,True,sunny,23.8,0.0,500,106.3,18
2026-07-26,P003,絆10貫寿司,Sunday,True,False,False,True,sunny,19.7,0.0,500,106.3,18
2026-07-27,P003,絆10貫寿司,Monday,False,False,False,False,sunny,21.1,0.0,600,106.3,9
2026-07-28,P003,絆10貫寿司,Tuesday,False,False,False,False,cloudy,21.2,0.4,600,106.3,12
2026-07-29,P003,絆10貫寿司,Wednesday,False,False,False,True,cloudy,24.1,0.4,500,106.3,23
2026-07-30,P003,絆10貫寿司,Thursday,False,False,False,False,cloudy,21.5,0.7,600,106.3,13
2026-07-31,P003,絆10貫寿司,Friday,False,False,False,False,cloudy,22.0,0.2,600,106.3,12
2026-08-01,P003,絆10貫寿司,Saturday,True,False,False,True,cloudy,22.4,0.7,500,106.6,20
2026-08-02,P003,絆10貫寿司,Sunday,True,False,False,True,sunny,25.5,0.0,500,106.6,15
2026-08-03,P003,絆10貫寿司,Monday,False,False,False,False,sunny,25.7,0.0,600,106.6,11
2026-08-04,P003,絆10貫寿司,Tuesday,False,False,False,False,sunny,24.0,0.0,600,106.6,11
2026-08-05,P003,絆10貫寿司,Wednesday,False,False,False,True,cloudy,23.8,0.1,500,106.6,26
2026-08-06,P003,絆10貫寿司,Thursday,False,False,False,False,cloudy,24.2,0.3,600,106.6,11
2026-08-07,P003,絆10貫寿司,Friday,False,False,False,False,cloudy,27.3,0.1,600,106.6,9
2026-08-08,P003,絆10貫寿司,Saturday,True,False,False,True,cloudy,26.5,0.2,500,106.6,16
2026-08-09,P003,絆10貫寿司,Sunday,True,False,False,True,cloudy,22.0,0.7,500,106.6,25
2026-08-10,P003,絆10貫寿司,Monday,False,False,False,False,cloudy,28.6,0.3,600,106.6,13
2026-08-11,P003,絆10貫寿司,Tuesday,False,True,False,False,cloudy,25.6,1.0,600,106.6,15
2026-08-12,P003,絆10貫寿司,Wednesday,False,False,False,True,sunny,27.1,0.0,500,106.6,23
2026-08-13,P003,絆10貫寿司,Thursday,False,False,False,False,rainy,24.0,9.0,600,106.6,8
2026-08-14,P003,絆10貫寿司,Friday,False,False,False,False,cloudy,21.0,0.9,600,106.6,13
2026-08-15,P003,絆10貫寿司,Saturday,True,False,True,True,sunny,27.2,0.0,500,106.6,37
