data/sushi_sales.csv
date,product_id,product_name,day_of_week,is_weekend,is_holiday,is_pension_day,is_sale_day,weather,temperature,precipitation,effective_price,cpi_index,sales_count
2026-08-16,P003,絆10貫寿司,Sunday,True,False,False,True,rainy,27.5,14.0,500,106.6,12
2026-08-17,P003,絆10貫寿司,Monday,False,False,False,False,rainy,27.9,7.1,600,106.6,11
2026-08-18,P003,絆10貫寿司,Tuesday,False,False,False,False,sunny,24.8,0.0,600,106.6,11
2026-08-19,P003,絆10貫寿司,Wednesday,False,False,False,True,cloudy,25.5,0.4,500,106.6,25
2026-08-20,P003,絆10貫寿司,Thursday,False,False,False,False,rainy,23.6,10.1,600,106.6,9
2026-08-21,P003,絆10貫寿司,Friday,False,False,False,False,cloudy,23.6,0.7,600,106.6,8
2026-08-22,P003,絆10貫寿司,Saturday,True,False,False,True,sunny,21.7,0.0,500,106.6,13
2026-08-23,P003,絆10貫寿司,Sunday,True,False,False,True,sunny,21.9,0.0,500,106.6,18
2026-08-24,P003,絆10貫寿司,Monday,False,False,False,False,sunny,20.4,0.0,600,106.6,12
2026-08-25,P003,絆10貫寿司,Tuesday,False,False,False,False,sunny,26.9,0.0,600,106.6,12
2026-08-26,P003,絆10貫寿司,Wednesday,False,False,False,True,sunny,31.1,0.0,500,106.6,22
2026-08-27,P003,絆10貫寿司,Thursday,False,False,False,False,sunny,23.1,0.0,600,106.6,9
2026-08-28,P003,絆10貫寿司,Friday,False,False,False,False,sunny,27.0,0.0,600,106.6,10
2026-08-29,P003,絆10貫寿司,Saturday,True,False,False,True,sunny,24.0,0.0,500,106.6,18
2026-08-30,P003,絆10貫寿司,Sunday,True,False,False,True,cloudy,20.9,0.6,500,106.6,16
2026-08-31,P003,絆10貫寿司,Monday,False,False,False,False,sunny,26.6,0.0,600,106.6,11
2026-09-01,P003,絆10貫寿司,Tuesday,False,False,False,False,sunny,19.2,0.0,600,106.8,11
2026-09-02,P003,絆10貫寿司,Wednesday,False,False,False,True,cloudy,19.5,0.2,500,106.8,19
2026-09-03,P003,絆10貫寿司,Thursday,False,False,False,False,sunny,17.4,0.0,600,106.8,14
2026-09-04,P003,絆10貫寿司,Friday,False,False,False,False,sunny,18.7,0.0,600,106.8,12
2026-09-05,P003,絆10貫寿司,Saturday,True,False,False,True,cloudy,26.3,0.4,500,106.8,15
2026-09-06,P003,絆10貫寿司,Sunday,True,False,False,True,sunny,17.7,0.0,500,106.8,18
2026-09-07,P003,絆10貫寿司,Monday,False,False,False,False,sunny,20.3,0.0,600,106.8,12
2026-09-08,P003,絆10貫寿司,Tuesday,False,False,False,False,sunny,19.0,0.0,600,106.8,12
2026-09-09,P003,絆10貫寿司,Wednesday,False,False,False,True,snowy,23.4,8.5,500,106.8,13
2026-09-10,P003,絆10貫寿司,Thursday,False,False,False,False,sunny,17.3,0.0,600,106.8,11
2026-09-11,P003,絆10貫寿司,Friday,False,False,False,False,sunny,20.8,0.0,600,106.8,13
2026-09-12,P003,絆10貫寿司,Saturday,True,False,False,True,sunny,18.4,0.0,500,106.8,15
2026-09-13,P003,絆10貫寿司,Sunday,True,False,False,True,cloudy,24.2,0.3,500,106.8,20
2026-09-14,P003,絆10貫寿司,Monday,False,False,False,False,sunny,19.8,0.0,600,106.8,14
2026-09-15,P003,絆10貫寿司,Tuesday,False,False,False,False,sunny,13.6,0.0,600,106.8,10
2026-09-16,P003,絆10貫寿司,Wednesday,False,False,False,True,sunny,20.8,0.0,500,106.8,24
2026-09-17,P003,絆10貫寿司,Thursday,False,False,False,False,sunny,16.7,0.0,600,106.8,11
2026-09-18,P003,絆10貫寿司,Friday,False,False,False,False,sunny,23.0,0.0,600,106.8,11
2026-09-19,P003,絆10貫寿司,Saturday,True,False,False,True,cloudy,21.7,0.9,500,106.8,19
2026-09-20,P003,絆10貫寿司,Sunday,True,False,False,True,cloudy,25.7,0.5,500,106.8,18
2026-09-21,P003,絆10貫寿司,Monday,False,True,False,False,rainy,22.5,10.3,600,106.8,10
2026-09-22,P003,絆10貫寿司,Tuesday,False,False,False,False,rainy,23.2,12.2,600,106.8,8
2026-09-23,P003,絆10貫寿司,Wednesday,False,True,False,True,sunny,19.1,0.0,500,106.8,34
2026-09-24,P003,絆10貫寿司,Thursday,False,False,False,False,sunny,15.0,0.0,600,106.8,12
2026-09-25,P003,絆10貫寿司,Friday,False,False,False,False,sunny,16.2,0.0,600,106.8,15
2026-09-26,P003,絆10貫寿司,Saturday,True,False,False,True,sunny,17.2,0.0,500,106.8,14
2026-09-27,P003,絆10貫寿司,Sunday,True,False,False,True,sunny,23.3,0.0,500,106.8,15
2026-09-28,P003,絆10貫寿司,Monday,False,False,False,False,sunny,19.6,0.0,600,106.8,13
2026-09-29,P003,絆10貫寿司,Tuesday,False,False,False,False,sunny,22.5,0.0,600,106.8,12
2026-09-30,P003,絆10貫寿司,Wednesday,False,False,False,True,cloudy,22.1,0.3,500,106.8,23
2026-10-01,P003,絆10貫寿司,Thursday,False,False,False,False,sunny,14.1,0.0,600,107.1,14
2026-10-02,P003,絆10貫寿司,Friday,False,False,False,False,sunny,10.0,0.0,600,107.1,12
2026-10-03,P003,絆10貫寿司,Saturday,True,False,False,True,sunny,13.4,0.0,500,107.1,15
2026-10-04,P003,絆10貫寿司,Sunday,True,False,False,True,sunny,12.2,0.0,500,107.1,18
2026-10-05,P003,絆10貫寿司,Monday,False,False,False,False,cloudy,15.4,0.9,600,107.1,11
2026-10-06,P003,絆10貫寿司,Tuesday,False,False,False,False,cloudy,15.7,0.7,600,107.1,11
2026-10-07,P003,絆10貫寿司,Wednesday,False,False,False,True,rainy,12.2,7.1,500,107.1,16
2026-10-08,P003,絆10貫寿司,Thursday,False,False,False,False,sunny,10.9,0.0,600,107.1,12
2026-10-09,P003,絆10貫寿司,Friday,False,False,False,False,sunny,15.1,0.0,600,107.1,10
2026-10-10,P003,絆10貫寿司,Saturday,True,False,False,True,sunny,19.1,0.0,500,107.1,19
2026-10-11,P003,絆10貫寿司,Sunday,True,False,False,True,sunny,14.5,0.0,500,107.1,20
2026-10-12,P003,絆10貫寿司,Monday,False,True,False,False,cloudy,9.9,0.1,600,107.1,19
2026-10-13,P003,絆10貫寿司,Tuesday,False,False,False,False,sunny,10.6,0.0,600,107.1,11
2026-10-14,P003,絆10貫寿司,Wednesday,False,False,False,True,sunny,12.4,0.0,500,107.1,26
2026-10-15,P003,絆10貫寿司,Thursday,False,False,True,False,sunny,14.8,0.0,600,107.1,19
2026-10-16,P003,絆10貫寿司,Friday,False,False,False,False,sunny,13.5,0.0,600,107.1,11
2026-10-17,P003,絆10貫寿司,Saturday,True,False,False,True,sunny,17.4,0.0,500,107.1,21
2026-10-18,P003,絆10貫寿司,Sunday,True,False,False,True,sunny,10.2,0.0,500,107.1,17
2026-10-19,P003,絆10貫寿司,Monday,False,False,False,False,sunny,12.0,0.0,600,107.1,12
2026-10-20,P003,絆10貫寿司,Tuesday,False,False,False,False,sunny,12.5,0.0,600,107.1,11
2026-10-21,P003,絆10貫寿司,Wednesday,False,False,False,True,rainy,13.3,8.9,500,107.1,13
2026-10-22,P003,絆10貫寿司,Thursday,False,False,False,False,rainy,12.8,12.1,600,107.1,7
2026-10-23,P003,絆10貫寿司,Friday,False,False,False,False,cloudy,14.5,0.3,600,107.1,11
2026-10-24,P003,絆10貫寿司,Saturday,True,False,False,True,sunny,13.5,0.0,500,107.1,16
2026-10-25,P003,絆10貫寿司,Sunday,True,False,False,True,sunny,16.0,0.0,500,107.1,19
2026-10-26,P003,絆10貫寿司,Monday,False,False,False,False,cloudy,10.1,0.2,600,107.1,15
2026-10-27,P003,絆10貫寿司,Tuesday,False,False,False,False,cloudy,11.0,0.3,600,107.1,11
2026-10-28,P003,絆10貫寿司,Wednesday,False,False,False,True,sunny,13.7,0.0,500,107.1,24
2026-10-29,P003,絆10貫寿司,Thursday,False,False,False,False,sunny,13.3,0.0,600,107.1,13
2026-10-30,P003,絆10貫寿司,Friday,False,False,False,False,sunny,15.8,0.0,600,107.1,10
2026-10-31,P003,絆10貫寿司,Saturday,True,False,False,True,sunny,13.8,0.0,500,107.1,15
2026-11-01,P003,絆10貫寿司,Sunday,True,False,False,True,sunny,6.3,0.0,500,107.3,15
2026-11-02,P003,絆10貫寿司,Monday,False,False,False,False,sunny,8.1,0.0,600,107.3,11
2026-11-03,P003,絆10貫寿司,Tuesday,False,True,False,False,sunny,4.9,0.0,600,107.3,19
2026-11-04,P003,絆10貫寿司,Wednesday,False,False,False,True,sunny,9.8,0.0,500,107.3,24
2026-11-05,P003,絆10貫寿司,Thursday,False,False,False,False,sunny,8.2,0.0,600,107.3,12
2026-11-06,P003,絆10貫寿司,Friday,False,False,False,False,rainy,9.6,10.1,600,107.3,11
2026-11-07,P003,絆10貫寿司,Saturday,True,False,False,True,cloudy,4.4,0.1,500,107.3,17
2026-11-08,P003,絆10貫寿司,Sunday,True,False,False,True,sunny,9.4,0.0,500,107.3,20
2026-11-09,P003,絆10貫寿司,Monday,False,False,False,False,snowy,6.3,6.4,600,107.3,5
2026-11-10,P003,絆10貫寿司,Tuesday,False,False,False,False,cloudy,12.1,0.8,600,107.3,9
2026-11-11,P003,絆10貫寿司,Wednesday,False,False,False,True,sunny,2.5,0.0,500,107.3,26
2026-11-12,P003,絆10貫寿司,Thursday,False,False,False,False,sunny,8.6,0.0,600,107.3,9
2026-11-13,P003,絆10貫寿司,Friday,False,False,False,False,sunny,9.2,0.0,600,107.3,13
2026-11-14,P003,絆10貫寿司,Saturday,True,False,False,True,cloudy,8.8,0.7,500,107.3,18
2026-11-15,P003,絆10貫寿司,Sunday,True,False,False,True,cloudy,12.9,0.4,500,107.3,15
2026-11-16,P003,絆10貫寿司,Monday,False,False,False,False,sunny,8.1,0.0,600,107.3,10
2026-11-17,P003,絆10貫寿司,Tuesday,False,False,False,False,sunny,8.4,0.0,600,107.3,12
2026-11-18,P003,絆10貫寿司,Wednesday,False,False,False,True,sunny,11.4,0.0,500,107.3,25
2026-11-19,P003,絆10貫寿司,Thursday,False,False,False,False,cloudy,4.7,0.8,600,107.3,14
2026-11-20,P003,絆10貫寿司,Friday,False,False,False,False,sunny,7.4,0.0,600,107.3,14
2026-11-21,P003,絆10貫寿司,Saturday,True,False,False,True,rainy,3.9,14.3,500,107.3,12
2026-11-22,P003,絆10貫寿司,Sunday,True,False,False,True,rainy,11.0,14.5,500,107.3,13
2026-11-23,P003,絆10貫寿司,Monday,False,True,False,False,sunny,4.5,0.0,600,107.3,20
2026-11-24,P003,絆10貫寿司,Tuesday,False,False,False,False,sunny,8.6,0.0,600,107.3,12
2026-11-25,P003,絆10貫寿司,Wednesday,False,False,False,True,sunny,12.1,0.0,500,107.3,26
2026-11-26,P003,絆10貫寿司,Thursday,False,False,False,False,cloudy,7.9,0.8,600,107.3,12
2026-11-27,P003,絆10貫寿司,Friday,False,False,False,False,sunny,6.8,0.0,600,107.3,10
2026-11-28,P003,絆10貫寿司,Saturday,True,False,False,True,cloudy,6.9,0.2,500,107.3,20
2026-11-29,P003,絆10貫寿司,Sunday,True,False,False,True,sunny,9.6,0.0,500,107.3,17
2026-11-30,P003,絆10貫寿司,Monday,False,False,False,False,rainy,5.5,7.9,600,107.3,8
2026-12-01,P003,絆10貫寿司,Tuesday,False,False,False,False,sunny,-0.7,0.0,600,107.6,10
2026-12-02,P003,絆10貫寿司,Wednesday,False,False,False,True,cloudy,1.9,0.3,500,107.6,26
2026-12-03,P003,絆10貫寿司,Thursday,False,False,False,False,rainy,0.1,7.8,600,107.6,7
2026-12-04,P003,絆10貫寿司,Friday,False,False,False,False,cloudy,2.1,0.3,600,107.6,9
2026-12-05,P003,絆10貫寿司,Saturday,True,False,False,True,sunny,0.2,0.0,500,107.6,14
2026-12-06,P003,絆10貫寿司,Sunday,True,False,False,True,rainy,1.9,14.0,500,107.6,14
2026-12-07,P003,絆10貫寿司,Monday,False,False,False,False,snowy,0.1,4.1,600,107.6,6
2026-12-08,P003,絆10貫寿司,Tuesday,False,False,False,False,rainy,-3.8,3.0,600,107.6,8
2026-12-09,P003,絆10貫寿司,Wednesday,False,False,False,True,cloudy,-0.6,0.3,500,107.6,23
2026-12-10,P003,絆10貫寿司,Thursday,False,False,False,False,cloudy,0.2,0.1,600,107.6,11
2026-12-11,P003,絆10貫寿司,Friday,False,False,False,False,snowy,3.1,4.0,600,107.6,6
2026-12-12,P003,絆10貫寿司,Saturday,True,False,False,True,cloudy,-3.5,0.2,500,107.6,18
2026-12-13,P003,絆10貫寿司,Sunday,True,False,False,True,sunny,-0.8,0.0,500,107.6,16
2026-12-14,P003,絆10貫寿司,Monday,False,False,False,False,cloudy,-3.0,0.3,600,107.6,12
2026-12-15,P003,絆10貫寿司,Tuesday,False,False,True,False,snowy,0.9,7.3,600,107.6,10
2026-12-16,P003,絆10貫寿司,Wednesday,False,False,False,True,rainy,-2.1,9.8,500,107.6,17
2026-12-17,P003,絆10貫寿司,Thursday,False,False,False,False,cloudy,3.7,0.6,600,107.6,11
2026-12-18,P003,絆10貫寿司,Friday,False,False,False,False,snowy,2.5,6.2,600,107.6,6
2026-12-19,P003,絆10貫寿司,Saturday,True,False,False,True,snowy,-0.4,5.9,500,107.6,8
2026-12-20,P003,絆10貫寿司,Sunday,True,False,False,True,cloudy,2.9,0.0,500,107.6,19
2026-12-21,P003,絆10貫寿司,Monday,False,False,False,False,rainy,5.3,8.3,600,107.6,10
2026-12-22,P003,絆10貫寿司,Tuesday,False,False,False,False,cloudy,-1.2,0.6,600,107.6,10
2026-12-23,P003,絆10貫寿司,Wednesday,False,False,False,True,rainy,2.1,3.7,500,107.6,14
2026-12-24,P003,絆10貫寿司,Thursday,False,False,False,False,cloudy,-5.7,0.1,600,107.6,9
2026-12-25,P003,絆10貫寿司,Friday,False,False,False,False,sunny,-2.7,0.0,600,107.6,11
2026-12-26,P003,絆10貫寿司,Saturday,True,False,False,True,cloudy,-3.6,0.1,500,107.6,15
2026-12-27,P003,絆10貫寿司,Sunday,True,False,False,True,cloudy,3.4,0.4,500,107.6,19
2026-12-28,P003,絆10貫寿司,Monday,False,False,False,False,snowy,0.5,7.7,600,107.6,6
2026-12-29,P003,絆10貫寿司,Tuesday,False,False,False,False,sunny,-1.2,0.0,600,107.6,10
2026-12-30,P003,絆10貫寿司,Wednesday,False,False,False,True,rainy,-2.5,10.4,500,107.6,12
2026-12-31,P003,絆10貫寿司,Thursday,False,False,False,False,cloudy,2.1,0.2,600,107.6,14
2027-01-01,P003,絆10貫寿司,Friday,False,True,False,False,snowy,1.0,2.6,600,107.8,9
2027-01-02,P003,絆10貫寿司,Saturday,True,False,False,True,sunny,-3.9,0.0,500,107.8,16
2027-01-03,P003,絆10貫寿司,Sunday,True,False,False,True,sunny,-3.7,0.0,500,107.8,19
2027-01-04,P003,絆10貫寿司,Monday,False,False,False,False,snowy,-6.0,1.5,600,107.8,6
2027-01-05,P003,絆10貫寿司,Tuesday,False,False,False,False,snowy,-1.4,4.7,600,107.8,4
2027-01-06,P003,絆10貫寿司,Wednesday,False,False,False,True,rainy,-2.2,9.6,500,107.8,17
2027-01-07,P003,絆10貫寿司,Thursday,False,False,False,False,sunny,-0.5,0.0,600,107.8,10
2027-01-08,P003,絆10貫寿司,Friday,False,False,False,False,snowy,-3.7,1.6,600,107.8,4
2027-01-09,P003,絆10貫寿司,Saturday,True,False,False,True,rainy,0.8,13.9,500,107.8,13
2027-01-10,P003,絆10貫寿司,Sunday,True,False,False,True,rainy,-1.1,4.9,500,107.8,13
2027-01-11,P003,絆10貫寿司,Monday,False,True,False,False,snowy,-2.3,7.5,600,107.8,7
2027-01-12,P003,絆10貫寿司,Tuesday,False,False,False,False,rainy,0.8,5.2,600,107.8,10
2027-01-13,P003,絆10貫寿司,Wednesday,False,False,False,True,sunny,-2.3,0.0,500,107.8,22
2027-01-14,P003,絆10貫寿司,Thursday,False,False,False,False,rainy,-1.4,8.9,600,107.8,9
2027-01-15,P003,絆10貫寿司,Friday,False,False,False,False,snowy,-15.2,4.7,600,107.8,4
2027-01-16,P003,絆10貫寿司,Saturday,True,False,False,True,rainy,0.8,13.5,500,107.8,13
2027-01-17,P003,絆10貫寿司,Sunday,True,False,False,True,sunny,-0.2,0.0,500,107.8,11
2027-01-18,P003,絆10貫寿司,Monday,False,False,False,False,snowy,1.4,5.2,600,107.8,5
2027-01-19,P003,絆10貫寿司,Tuesday,False,False,False,False,snowy,-0.8,8.3,600,107.8,6
2027-01-20,P003,絆10貫寿司,Wednesday,False,False,False,True,sunny,-7.8,0.0,500,107.8,21
2027-01-21,P003,絆10貫寿司,Thursday,False,False,False,False,snowy,-1.3,4.6,600,107.8,5
2027-01-22,P003,絆10貫寿司,Friday,False,False,False,False,cloudy,-2.6,0.7,600,107.8,10
2027-01-23,P003,絆10貫寿司,Saturday,True,False,False,True,snowy,-2.9,1.7,500,107.8,6
2027-01-24,P003,絆10貫寿司,Sunday,True,False,False,True,snowy,0.5,2.8,500,107.8,8
2027-01-25,P003,絆10貫寿司,Monday,False,False,False,False,snowy,-7.2,2.6,600,107.8,6
2027-01-26,P003,絆10貫寿司,Tuesday,False,False,False,False,sunny,-3.1,0.0,600,107.8,13
2027-01-27,P003,絆10貫寿司,Wednesday,False,False,False,True,cloudy,-1.3,0.5,500,107.8,20
2027-01-28,P003,絆10貫寿司,Thursday,False,False,False,False,cloudy,-0.2,0.4,600,107.8,12
2027-01-29,P003,絆10貫寿司,Friday,False,False,False,False,cloudy,-1.5,0.9,600,107.8,6
2027-01-30,P003,絆10貫寿司,Saturday,True,False,False,True,snowy,-6.5,1.2,500,107.8,7
2027-01-31,P003,絆10貫寿司,Sunday,True,False,False,True,cloudy,-1.5,0.6,500,107.8,23
2027-02-01,P003,絆10貫寿司,Monday,False,False,False,False,rainy,-6.1,11.1,600,108.1,6
2027-02-02,P003,絆10貫寿司,Tuesday,False,False,False,False,sunny,3.1,0.0,600,108.1,11
2027-02-03,P003,絆10貫寿司,Wednesday,False,False,False,True,sunny,1.0,0.0,500,108.1,26
2027-02-04,P003,絆10貫寿司,Thursday,False,False,False,False,rainy,0.8,6.7,600,108.1,6
2027-02-05,P003,絆10貫寿司,Friday,False,False,False,False,cloudy,-3.2,0.3,600,108.1,11
2027-02-06,P003,絆10貫寿司,Saturday,True,False,False,True,snowy,-3.6,5.7,500,108.1,8
2027-02-07,P003,絆10貫寿司,Sunday,True,False,False,True,sunny,6.2,0.0,500,108.1,16
2027-02-08,P003,絆10貫寿司,Monday,False,False,False,False,sunny,-0.6,0.0,600,108.1,13
2027-02-09,P003,絆10貫寿司,Tuesday,False,False,False,False,rainy,2.6,6.5,600,108.1,9
2027-02-10,P003,絆10貫寿司,Wednesday,False,False,False,True,cloudy,-0.6,0.3,500,108.1,20
2027-02-11,P003,絆10貫寿司,Thursday,False,True,False,False,snowy,-4.6,5.2,600,108.1,8
2027-02-12,P003,絆10貫寿司,Friday,False,False,False,False,cloudy,-3.2,0.8,600,108.1,10
2027-02-13,P003,絆10貫寿司,Saturday,True,False,False,True,snowy,-4.0,3.8,500,108.1,8
2027-02-14,P003,絆10貫寿司,Sunday,True,False,False,True,cloudy,-2.4,0.8,500,108.1,18
2027-02-15,P003,絆10貫寿司,Monday,False,False,True,False,snowy,-3.9,3.4,600,108.1,8
2027-02-16,P003,絆10貫寿司,Tuesday,False,False,False,False,rainy,0.7,8.5,600,108.1,8
2027-02-17,P003,絆10貫寿司,Wednesday,False,False,False,True,rainy,0.3,3.9,500,108.1,16
2027-02-18,P003,絆10貫寿司,Thursday,False,False,False,False,sunny,-6.7,0.0,600,108.1,14
2027-02-19,P003,絆10貫寿司,Friday,False,False,False,False,snowy,-2.6,6.6,600,108.1,5
2027-02-20,P003,絆10貫寿司,Saturday,True,False,False,True,cloudy,-6.9,1.0,500,108.1,15
2027-02-21,P003,絆10貫寿司,Sunday,True,False,False,True,sunny,-1.8,0.0,500,108.1,17
2027-02-22,P003,絆10貫寿司,Monday,False,False,False,False,cloudy,1.9,0.4,600,108.1,11
2027-02-23,P003,絆10貫寿司,Tuesday,False,True,False,False,cloudy,0.9,0.7,600,108.1,15
2027-02-24,P003,絆10貫寿司,Wednesday,False,False,False,True,cloudy,2.4,0.8,500,108.1,19
2027-02-25,P003,絆10貫寿司,Thursday,False,False,False,False,sunny,-2.4,0.0,600,108.1,8
2027-02-26,P003,絆10貫寿司,Friday,False,False,False,False,rainy,3.0,12.4,600,108.1,8
2027-02-27,P003,絆10貫寿司,Saturday,True,False,False,True,sunny,-0.9,0.0,500,108.1,18
2027-02-28,P003,絆10貫寿司,Sunday,True,False,False,True,snowy,2.8,9.5,500,108.1,8
2027-03-01,P003,絆10貫寿司,Monday,False,False,False,False,snowy,5.3,8.8,600,108.3,7
2027-03-02,P003,絆10貫寿司,Tuesday,False,False,False,False,sunny,5.5,0.0,600,108.3,15
2027-03-03,P003,絆10貫寿司,Wednesday,False,False,False,True,snowy,2.3,3.6,500,108.3,12
2027-03-04,P003,絆10貫寿司,Thursday,False,False,False,False,sunny,2.0,0.0,600,108.3,14
2027-03-05,P003,絆10貫寿司,Friday,False,False,False,False,sunny,3.2,0.0,600,108.3,13
2027-03-06,P003,絆10貫寿司,Saturday,True,False,False,True,sunny,3.6,0.0,500,108.3,17
2027-03-07,P003,絆10貫寿司,Sunday,True,False,False,True,snowy,3.2,6.7,500,108.3,8
2027-03-08,P003,絆10貫寿司,Monday,False,False,False,False,cloudy,11.1,0.5,600,108.3,10
2027-03-09,P003,絆10貫寿司,Tuesday,False,False,False,False,snowy,4.8,1.1,600,108.3,5
2027-03-10,P003,絆10貫寿司,Wednesday,False,False,False,True,rainy,-1.8,3.8,500,108.3,15
2027-03-11,P003,絆10貫寿司,Thursday,False,False,False,False,cloudy,-2.5,0.1,600,108.3,12
2027-03-12,P003,絆10貫寿司,Friday,False,False,False,False,cloudy,5.5,0.1,600,108.3,17
2027-03-13,P003,絆10貫寿司,Saturday,True,False,False,True,snowy,-2.4,5.8,500,108.3,8
2027-03-14,P003,絆10貫寿司,Sunday,True,False,False,True,sunny,-1.3,0.0,500,108.3,15
2027-03-15,P003,絆10貫寿司,Monday,False,False,False,False,snowy,2.8,4.3,600,108.3,5
2027-03-16,P003,絆10貫寿司,Tuesday,False,False,False,False,sunny,7.6,0.0,600,108.3,12
2027-03-17,P003,絆10貫寿司,Wednesday,False,False,False,True,sunny,6.9,0.0,500,108.3,21
2027-03-18,P003,絆10貫寿司,Thursday,False,False,False,False,rainy,-1.2,3.8,600,108.3,8
2027-03-19,P003,絆10貫寿司,Friday,False,False,False,False,sunny,4.7,0.0,600,108.3,11
2027-03-20,P003,絆10貫寿司,Saturday,True,True,False,True,cloudy,-3.4,1.0,500,108.3,21
