data/sushi_sales.csv
date,product_id,product_name,day_of_week,is_weekend,is_holiday,is_pension_day,is_sale_day,weather,temperature,precipitation,effective_price,cpi_index,sales_count
2027-03-21,P003,絆10貫寿司,Sunday,True,False,False,True,sunny,3.7,0.0,500,108.3,18
2027-03-22,P003,絆10貫寿司,Monday,False,False,False,False,rainy,2.8,6.9,600,108.3,4
2027-03-23,P003,絆10貫寿司,Tuesday,False,False,False,False,rainy,-1.3,6.4,600,108.3,5
2027-03-24,P003,絆10貫寿司,Wednesday,False,False,False,True,sunny,3.1,0.0,500,108.3,27
2027-03-25,P003,絆10貫寿司,Thursday,False,False,False,False,cloudy,6.2,0.9,600,108.3,11
2027-03-26,P003,絆10貫寿司,Friday,False,False,False,False,rainy,-1.0,8.1,600,108.3,7
2027-03-27,P003,絆10貫寿司,Saturday,True,False,False,True,snowy,4.0,4.2,500,108.3,9
2027-03-28,P003,絆10貫寿司,Sunday,True,False,False,True,cloudy,2.1,0.7,500,108.3,19
2027-03-29,P003,絆10貫寿司,Monday,False,False,False,False,sunny,-1.0,0.0,600,108.3,12
2027-03-30,P003,絆10貫寿司,Tuesday,False,False,False,False,sunny,1.4,0.0,600,108.3,11
2027-03-31,P003,絆10貫寿司,Wednesday,False,False,False,True,sunny,-0.6,0.0,500,108.3,23
